<html>
<body>
<pre>
<h1>µVision Build Log</h1>
<h2>Tool Versions:</h2>
IDE-Version: ¦ÌVision V5.23.0.0
Copyright (C) 2017 ARM Ltd and ARM Germany GmbH. All rights reserved.
License Information: df fd, fd, LIC=X96Z9-49RPN-XUU41-CM4TR-NY0SN-U0VAK
 
Tool Versions:
Toolchain:       MDK-ARM Plus  Version: 5.23
Toolchain Path:  C:\Keil_v5\ARM\ARMCC\Bin
C Compiler:      Armcc.exe V5.06 update 4 (build 422)
Assembler:       Armasm.exe V5.06 update 4 (build 422)
Linker/Locator:  ArmLink.exe V5.06 update 4 (build 422)
Library Manager: ArmAr.exe V5.06 update 4 (build 422)
Hex Converter:   FromElf.exe V5.06 update 4 (build 422)
CPU DLL:         SARMCM3.DLL V5.23
Dialog DLL:      DCM.DLL V1.15.0.0
Target DLL:      CMSIS_AGDI.dll V1.27.5.0
Dialog DLL:      TCM.DLL V1.27.0.0
 
<h2>Project:</h2>
D:\xushuye\xsy_2022\LQB_14\8shen_yu\HAL_06_LCD\MDK-ARM\HAL_06_LCD.uvprojx
Project File Date:  02/25/2023

<h2>Output:</h2>
*** Using Compiler 'V5.06 update 4 (build 422)', folder: 'C:\Keil_v5\ARM\ARMCC\Bin'
Build target 'HAL_06_LCD'
compiling main.c...
../Src/main.c(76): warning:  #1295-D: Deprecated declaration Lcd_Proc - give arg types
  void Lcd_Proc();
../Src/main.c(192): warning:  #188-D: enumerated type mixed with another type
  				HAL_GPIO_WritePin(
PIOA,
PIO_PIN_5,RESET);
../Src/main.c(210): warning:  #188-D: enumerated type mixed with another type
  					HAL_GPIO_WritePin(
PIOA,
PIO_PIN_5,RESET);
../Src/main.c(235): warning:  #188-D: enumerated type mixed with another type
  					HAL_GPIO_WritePin(
PIOA,
PIO_PIN_5,RESET);
../Src/main.c(273): warning:  #188-D: enumerated type mixed with another type
  					HAL_GPIO_WritePin(
PIOA,
PIO_PIN_4,SET);	//ELEV up
../Src/main.c(284): warning:  #188-D: enumerated type mixed with another type
  					HAL_GPIO_WritePin(
PIOA,
PIO_PIN_4,RESET);	//ELEV down
../Src/main.c(297): warning:  #188-D: enumerated type mixed with another type
  				HAL_GPIO_WritePin(
PIOA,
PIO_PIN_5,RESET);
../Src/main.c(413): warning:  #223-D: function "sprintf" declared implicitly
  	sprintf(pucDisp,"      %02d:%02d:%02d",ucHour,ucMin,ucSec);
../Src/main.c: 8 warnings, 0 errors
linking...
Program Size: Code=15032 RO-data=5168 RW-data=76 ZI-data=1180  
FromELF: creating hex file...
"HAL_06_LCD\HAL_06_LCD.axf" - 0 Error(s), 8 Warning(s).

<h2>Software Packages used:</h2>

Package Vendor: ARM
                http://www.keil.com/pack/ARM.CMSIS.5.8.0.pack
                ARM::CMSIS:CORE:5.5.0
                CMSIS (Common Microcontroller Software Interface Standard)
   * Component: CORE Version: 5.5.0

<h2>Collection of Component include folders:</h2>
  .\RTE\_HAL_06_LCD
  C:\Keil_v5\ARM\PACK\ARM\CMSIS\5.8.0\CMSIS\Core\Include
  C:\Keil_v5\ARM\PACK\Keil\STM32G4xx_DFP\1.1.1\Drivers\CMSIS\Device\ST\STM32G4xx\Include

<h2>Collection of Component Files used:</h2>

   * Component: ARM::CMSIS:CORE:5.5.0
Build Time Elapsed:  00:00:09
</pre>
</body>
</html>
