<html>
<body>
<pre>
<h1>µVision Build Log</h1>
<h2>Tool Versions:</h2>
IDE-Version: ¦ÌVision V5.28.0.0
Copyright (C) 2019 ARM Ltd and ARM Germany GmbH. All rights reserved.
License Information: bkrc mycomputer, mycomputer, LIC=76F5U-SI3Q1-SBAEJ-UBZGM-TQ56B-XR0EP
 
Tool Versions:
Toolchain:       MDK-ARM Plus  Version: 5.28.0.0
Toolchain Path:  D:\Keil_v5\ARM\ARMCC\Bin
C Compiler:      Armcc.exe V5.06 update 6 (build 750)
Assembler:       Armasm.exe V5.06 update 6 (build 750)
Linker/Locator:  ArmLink.exe V5.06 update 6 (build 750)
Library Manager: ArmAr.exe V5.06 update 6 (build 750)
Hex Converter:   FromElf.exe V5.06 update 6 (build 750)
CPU DLL:         SARMCM3.DLL V5.28.0.0
Dialog DLL:      DCM.DLL V1.17.3.0
Target DLL:      CMSIS_AGDI.dll V1.31.18.0
Dialog DLL:      TCM.DLL V1.36.2.0
 
<h2>Project:</h2>
F:\13shen_1\13shen_1\HAL_06_LCD\MDK-ARM\HAL_06_LCD.uvprojx
Project File Date:  04/05/2023

<h2>Output:</h2>
*** Using Compiler 'V5.06 update 6 (build 750)', folder: 'D:\Keil_v5\ARM\ARMCC\Bin'
Rebuild target 'HAL_06_LCD'
assembling startup_stm32g431xx.s...
compiling stm32g4xx_ll_adc.c...
compiling stm32g4xx_hal_adc_ex.c...
compiling stm32g4xx_hal_rcc_ex.c...
compiling usart.c...
compiling stm32g4xx_hal_rcc.c...
compiling stm32g4xx_hal_msp.c...
compiling stm32g4xx_hal.c...
compiling adc.c...
compiling gpio.c...
compiling tim.c...
compiling stm32g4xx_it.c...
compiling lcd.c...
compiling stm32g4xx_ll_pwr.c...
compiling stm32g4xx_hal_gpio.c...
compiling stm32g4xx_hal_flash.c...
compiling stm32g4xx_hal_adc.c...
compiling main.c...
../Src/main.c(217): warning:  #223-D: function "sprintf" declared implicitly
  		sprintf(pucDisp,"  B1:%c",pucPsd_Edit[0]);
../Src/main.c(232): warning:  #223-D: function "sprintf" declared implicitly
  		sprintf(pucDisp,"  F:%4dHZ",2000);
../Src/main.c(239): warning:  #223-D: function "sprintf" declared implicitly
  	sprintf(pucDisp,"MCP:%4.1f%,R38:%4.1f%",pusADC1[0]*3.3/4095,pusADC1[1]*3.3/4095);
../Src/main.c(263): warning:  #177-D: variable "i"  was declared but never referenced
  	u8 i=0;
../Src/main.c: 4 warnings, 0 errors
compiling i2c.c...
..\Src\i2c.c(323): warning:  #1-D: last line of file ends without a newline
  }	
..\Src\i2c.c: 1 warning, 0 errors
compiling stm32g4xx_hal_dma.c...
compiling stm32g4xx_hal_pwr_ex.c...
compiling stm32g4xx_hal_dma_ex.c...
compiling stm32g4xx_hal_flash_ramfunc.c...
compiling stm32g4xx_hal_cortex.c...
compiling stm32g4xx_hal_flash_ex.c...
compiling stm32g4xx_hal_exti.c...
compiling stm32g4xx_hal_uart_ex.c...
compiling system_stm32g4xx.c...
compiling stm32g4xx_hal_pwr.c...
compiling stm32g4xx_hal_uart.c...
compiling stm32g4xx_hal_tim_ex.c...
compiling stm32g4xx_hal_tim.c...
linking...
Program Size: Code=24224 RO-data=5088 RW-data=88 ZI-data=1424  
FromELF: creating hex file...
"HAL_06_LCD\HAL_06_LCD.axf" - 0 Error(s), 5 Warning(s).

<h2>Software Packages used:</h2>

Package Vendor: ARM
                http://www.keil.com/pack/ARM.CMSIS.5.8.0.pack
                ARM.CMSIS.5.8.0
                CMSIS (Common Microcontroller Software Interface Standard)
   * Component: CORE Version: 5.5.0

Package Vendor: Keil
                http://www.keil.com/pack/Keil.STM32G4xx_DFP.1.1.1.pack
                Keil.STM32G4xx_DFP.1.1.1
                STMicroelectronics STM32G4 Series Device Support, Drivers and Examples

<h2>Collection of Component include folders:</h2>
  .\RTE\_HAL_06_LCD
  D:\Robot Master\ARM\CMSIS\5.8.0\CMSIS\Core\Include
  D:\Robot Master\Keil\STM32G4xx_DFP\1.1.1\Drivers\CMSIS\Device\ST\STM32G4xx\Include

<h2>Collection of Component Files used:</h2>

   * Component: ARM::CMSIS:CORE:5.5.0
Build Time Elapsed:  00:00:24
</pre>
</body>
</html>
