Component: ARM Compiler 5.06 update 6 (build 750) Tool: armlink [4d35ed]

==============================================================================

Section Cross References

    startup_stm32g431xx.o(RESET) refers to startup_stm32g431xx.o(STACK) for __initial_sp
    startup_stm32g431xx.o(RESET) refers to startup_stm32g431xx.o(.text) for Reset_Handler
    startup_stm32g431xx.o(RESET) refers to stm32g4xx_it.o(i.NMI_Handler) for NMI_Handler
    startup_stm32g431xx.o(RESET) refers to stm32g4xx_it.o(i.HardFault_Handler) for HardFault_Handler
    startup_stm32g431xx.o(RESET) refers to stm32g4xx_it.o(i.MemManage_Handler) for MemManage_Handler
    startup_stm32g431xx.o(RESET) refers to stm32g4xx_it.o(i.BusFault_Handler) for BusFault_Handler
    startup_stm32g431xx.o(RESET) refers to stm32g4xx_it.o(i.UsageFault_Handler) for UsageFault_Handler
    startup_stm32g431xx.o(RESET) refers to stm32g4xx_it.o(i.SVC_Handler) for SVC_Handler
    startup_stm32g431xx.o(RESET) refers to stm32g4xx_it.o(i.DebugMon_Handler) for DebugMon_Handler
    startup_stm32g431xx.o(RESET) refers to stm32g4xx_it.o(i.PendSV_Handler) for PendSV_Handler
    startup_stm32g431xx.o(RESET) refers to stm32g4xx_it.o(i.SysTick_Handler) for SysTick_Handler
    startup_stm32g431xx.o(RESET) refers to stm32g4xx_it.o(i.TIM2_IRQHandler) for TIM2_IRQHandler
    startup_stm32g431xx.o(RESET) refers to stm32g4xx_it.o(i.USART1_IRQHandler) for USART1_IRQHandler
    startup_stm32g431xx.o(.text) refers to system_stm32g4xx.o(i.SystemInit) for SystemInit
    startup_stm32g431xx.o(.text) refers to entry.o(.ARM.Collect$$$$00000000) for __main
    lcd.o(i.LCD_BusIn) refers to memseta.o(.text) for __aeabi_memclr4
    lcd.o(i.LCD_BusIn) refers to stm32g4xx_hal_gpio.o(i.HAL_GPIO_Init) for HAL_GPIO_Init
    lcd.o(i.LCD_BusOut) refers to memseta.o(.text) for __aeabi_memclr4
    lcd.o(i.LCD_BusOut) refers to stm32g4xx_hal_gpio.o(i.HAL_GPIO_Init) for HAL_GPIO_Init
    lcd.o(i.LCD_Clear) refers to lcd.o(i.LCD_SetCursor) for LCD_SetCursor
    lcd.o(i.LCD_Clear) refers to lcd.o(i.LCD_WriteRAM_Prepare) for LCD_WriteRAM_Prepare
    lcd.o(i.LCD_Clear) refers to lcd.o(i.LCD_WriteRAM) for LCD_WriteRAM
    lcd.o(i.LCD_ClearLine) refers to lcd.o(i.LCD_DisplayStringLine) for LCD_DisplayStringLine
    lcd.o(i.LCD_CtrlLinesConfig) refers to memseta.o(.text) for __aeabi_memclr4
    lcd.o(i.LCD_CtrlLinesConfig) refers to stm32g4xx_hal_gpio.o(i.HAL_GPIO_Init) for HAL_GPIO_Init
    lcd.o(i.LCD_CtrlLinesConfig) refers to lcd.o(i.LCD_BusOut) for LCD_BusOut
    lcd.o(i.LCD_DisplayChar) refers to lcd.o(i.LCD_DrawChar) for LCD_DrawChar
    lcd.o(i.LCD_DisplayChar) refers to lcd.o(.constdata) for .constdata
    lcd.o(i.LCD_DisplayOff) refers to lcd.o(i.LCD_WriteReg) for LCD_WriteReg
    lcd.o(i.LCD_DisplayOn) refers to lcd.o(i.LCD_WriteReg) for LCD_WriteReg
    lcd.o(i.LCD_DisplayStringLine) refers to lcd.o(i.LCD_DisplayChar) for LCD_DisplayChar
    lcd.o(i.LCD_DrawChar) refers to lcd.o(i.LCD_SetCursor) for LCD_SetCursor
    lcd.o(i.LCD_DrawChar) refers to lcd.o(i.LCD_WriteRAM_Prepare) for LCD_WriteRAM_Prepare
    lcd.o(i.LCD_DrawChar) refers to lcd.o(i.LCD_WriteRAM) for LCD_WriteRAM
    lcd.o(i.LCD_DrawChar) refers to lcd.o(.data) for .data
    lcd.o(i.LCD_DrawCircle) refers to lcd.o(i.LCD_SetCursor) for LCD_SetCursor
    lcd.o(i.LCD_DrawCircle) refers to lcd.o(i.LCD_WriteRAM_Prepare) for LCD_WriteRAM_Prepare
    lcd.o(i.LCD_DrawCircle) refers to lcd.o(i.LCD_WriteRAM) for LCD_WriteRAM
    lcd.o(i.LCD_DrawCircle) refers to lcd.o(.data) for .data
    lcd.o(i.LCD_DrawLine) refers to lcd.o(i.LCD_SetCursor) for LCD_SetCursor
    lcd.o(i.LCD_DrawLine) refers to lcd.o(i.LCD_WriteRAM_Prepare) for LCD_WriteRAM_Prepare
    lcd.o(i.LCD_DrawLine) refers to lcd.o(i.LCD_WriteRAM) for LCD_WriteRAM
    lcd.o(i.LCD_DrawLine) refers to lcd.o(.data) for .data
    lcd.o(i.LCD_DrawMonoPict) refers to lcd.o(i.LCD_SetCursor) for LCD_SetCursor
    lcd.o(i.LCD_DrawMonoPict) refers to lcd.o(i.LCD_WriteRAM_Prepare) for LCD_WriteRAM_Prepare
    lcd.o(i.LCD_DrawMonoPict) refers to lcd.o(i.LCD_WriteRAM) for LCD_WriteRAM
    lcd.o(i.LCD_DrawMonoPict) refers to lcd.o(.data) for .data
    lcd.o(i.LCD_DrawPicture) refers to lcd.o(i.LCD_SetCursor) for LCD_SetCursor
    lcd.o(i.LCD_DrawPicture) refers to lcd.o(i.LCD_WriteRAM_Prepare) for LCD_WriteRAM_Prepare
    lcd.o(i.LCD_DrawPicture) refers to lcd.o(i.LCD_WriteRAM) for LCD_WriteRAM
    lcd.o(i.LCD_DrawRect) refers to lcd.o(i.LCD_DrawLine) for LCD_DrawLine
    lcd.o(i.LCD_Init) refers to lcd.o(i.LCD_CtrlLinesConfig) for LCD_CtrlLinesConfig
    lcd.o(i.LCD_Init) refers to lcd.o(i.LCD_ReadReg) for LCD_ReadReg
    lcd.o(i.LCD_Init) refers to lcd.o(i.REG_932X_Init) for REG_932X_Init
    lcd.o(i.LCD_Init) refers to lcd.o(i.REG_8230_Init) for REG_8230_Init
    lcd.o(i.LCD_Init) refers to lcd.o(.data) for .data
    lcd.o(i.LCD_PowerOn) refers to lcd.o(i.LCD_WriteReg) for LCD_WriteReg
    lcd.o(i.LCD_PowerOn) refers to lcd.o(i.Delay_LCD) for Delay_LCD
[...]
    .text                                    0x080004bc   Section        0  llushr.o(.text)
    .text                                    0x080004dc   Section        0  iusefp.o(.text)
    .text                                    0x080004dc   Section        0  depilogue.o(.text)
    .text                                    0x08000596   Section        0  dadd.o(.text)
    .text                                    0x080006e4   Section        0  dfixul.o(.text)
    .text                                    0x08000714   Section       48  cdrcmple.o(.text)
    .text                                    0x08000744   Section       36  init.o(.text)
    .text                                    0x08000768   Section        0  llsshr.o(.text)
    i.ADC1_Proc                              0x0800078c   Section        0  main.o(i.ADC1_Proc)
    i.ADC_Disable                            0x080007c8   Section        0  stm32g4xx_hal_adc.o(i.ADC_Disable)
    i.ADC_Enable                             0x08000830   Section        0  stm32g4xx_hal_adc.o(i.ADC_Enable)
    i.BusFault_Handler                       0x08000898   Section        0  stm32g4xx_it.o(i.BusFault_Handler)
    i.DebugMon_Handler                       0x0800089a   Section        0  stm32g4xx_it.o(i.DebugMon_Handler)
    i.Delay_LCD                              0x0800089c   Section        0  lcd.o(i.Delay_LCD)
    i.Error_Handler                          0x080008b8   Section        0  main.o(i.Error_Handler)
    i.HAL_ADCEx_Calibration_Start            0x080008bc   Section        0  stm32g4xx_hal_adc_ex.o(i.HAL_ADCEx_Calibration_Start)
    i.HAL_ADCEx_MultiModeConfigChannel       0x08000950   Section        0  stm32g4xx_hal_adc_ex.o(i.HAL_ADCEx_MultiModeConfigChannel)
    i.HAL_ADC_ConfigChannel                  0x08000a24   Section        0  stm32g4xx_hal_adc.o(i.HAL_ADC_ConfigChannel)
    i.HAL_ADC_GetValue                       0x08000e44   Section        0  stm32g4xx_hal_adc.o(i.HAL_ADC_GetValue)
    i.HAL_ADC_Init                           0x08000e4c   Section        0  stm32g4xx_hal_adc.o(i.HAL_ADC_Init)
    i.HAL_ADC_MspInit                        0x08001044   Section        0  adc.o(i.HAL_ADC_MspInit)
    i.HAL_ADC_PollForConversion              0x080010a0   Section        0  stm32g4xx_hal_adc.o(i.HAL_ADC_PollForConversion)
    i.HAL_ADC_Start                          0x08001194   Section        0  stm32g4xx_hal_adc.o(i.HAL_ADC_Start)
    i.HAL_DMA_Abort_IT                       0x08001288   Section        0  stm32g4xx_hal_dma.o(i.HAL_DMA_Abort_IT)
    i.HAL_Delay                              0x08001300   Section        0  stm32g4xx_hal.o(i.HAL_Delay)
    i.HAL_GPIO_Init                          0x08001324   Section        0  stm32g4xx_hal_gpio.o(i.HAL_GPIO_Init)
    i.HAL_GPIO_ReadPin                       0x080014ec   Section        0  stm32g4xx_hal_gpio.o(i.HAL_GPIO_ReadPin)
    i.HAL_GPIO_WritePin                      0x080014f6   Section        0  stm32g4xx_hal_gpio.o(i.HAL_GPIO_WritePin)
    i.HAL_GetTick                            0x08001500   Section        0  stm32g4xx_hal.o(i.HAL_GetTick)
    i.HAL_IncTick                            0x0800150c   Section        0  stm32g4xx_hal.o(i.HAL_IncTick)
    i.HAL_Init                               0x0800151c   Section        0  stm32g4xx_hal.o(i.HAL_Init)
    i.HAL_InitTick                           0x0800153c   Section        0  stm32g4xx_hal.o(i.HAL_InitTick)
    i.HAL_MspInit                            0x08001580   Section        0  stm32g4xx_hal_msp.o(i.HAL_MspInit)
    i.HAL_NVIC_EnableIRQ                     0x080015b8   Section        0  stm32g4xx_hal_cortex.o(i.HAL_NVIC_EnableIRQ)
    i.HAL_NVIC_SetPriority                   0x080015d4   Section        0  stm32g4xx_hal_cortex.o(i.HAL_NVIC_SetPriority)
    i.HAL_NVIC_SetPriorityGrouping           0x08001614   Section        0  stm32g4xx_hal_cortex.o(i.HAL_NVIC_SetPriorityGrouping)
    i.HAL_PWREx_ControlVoltageScaling        0x08001638   Section        0  stm32g4xx_hal_pwr_ex.o(i.HAL_PWREx_ControlVoltageScaling)
    i.HAL_RCCEx_PeriphCLKConfig              0x080016f4   Section        0  stm32g4xx_hal_rcc_ex.o(i.HAL_RCCEx_PeriphCLKConfig)
    i.HAL_RCC_ClockConfig                    0x0800197c   Section        0  stm32g4xx_hal_rcc.o(i.HAL_RCC_ClockConfig)
    i.HAL_RCC_GetPCLK1Freq                   0x08001b58   Section        0  stm32g4xx_hal_rcc.o(i.HAL_RCC_GetPCLK1Freq)
    i.HAL_RCC_GetPCLK2Freq                   0x08001b7c   Section        0  stm32g4xx_hal_rcc.o(i.HAL_RCC_GetPCLK2Freq)
    i.HAL_RCC_GetSysClockFreq                0x08001ba0   Section        0  stm32g4xx_hal_rcc.o(i.HAL_RCC_GetSysClockFreq)
    i.HAL_RCC_OscConfig                      0x08001c10   Section        0  stm32g4xx_hal_rcc.o(i.HAL_RCC_OscConfig)
    i.HAL_SYSTICK_Config                     0x0800201c   Section        0  stm32g4xx_hal_cortex.o(i.HAL_SYSTICK_Config)
    i.HAL_TIMEx_Break2Callback               0x08002044   Section        0  stm32g4xx_hal_tim_ex.o(i.HAL_TIMEx_Break2Callback)
    i.HAL_TIMEx_BreakCallback                0x08002046   Section        0  stm32g4xx_hal_tim_ex.o(i.HAL_TIMEx_BreakCallback)
    i.HAL_TIMEx_CommutCallback               0x08002048   Section        0  stm32g4xx_hal_tim_ex.o(i.HAL_TIMEx_CommutCallback)
    i.HAL_TIMEx_ConfigBreakDeadTime          0x0800204c   Section        0  stm32g4xx_hal_tim_ex.o(i.HAL_TIMEx_ConfigBreakDeadTime)
    i.HAL_TIMEx_DirectionChangeCallback      0x080020f8   Section        0  stm32g4xx_hal_tim_ex.o(i.HAL_TIMEx_DirectionChangeCallback)
    i.HAL_TIMEx_EncoderIndexCallback         0x080020fa   Section        0  stm32g4xx_hal_tim_ex.o(i.HAL_TIMEx_EncoderIndexCallback)
    i.HAL_TIMEx_IndexErrorCallback           0x080020fc   Section        0  stm32g4xx_hal_tim_ex.o(i.HAL_TIMEx_IndexErrorCallback)
    i.HAL_TIMEx_MasterConfigSynchronization  0x08002100   Section        0  stm32g4xx_hal_tim_ex.o(i.HAL_TIMEx_MasterConfigSynchronization)
    i.HAL_TIMEx_PWMN_Start                   0x0800219c   Section        0  stm32g4xx_hal_tim_ex.o(i.HAL_TIMEx_PWMN_Start)
    i.HAL_TIMEx_TransitionErrorCallback      0x0800221c   Section        0  stm32g4xx_hal_tim_ex.o(i.HAL_TIMEx_TransitionErrorCallback)
    i.HAL_TIM_Base_Init                      0x0800221e   Section        0  stm32g4xx_hal_tim.o(i.HAL_TIM_Base_Init)
    i.HAL_TIM_Base_MspInit                   0x08002280   Section        0  tim.o(i.HAL_TIM_Base_MspInit)
    i.HAL_TIM_IC_CaptureCallback             0x080022f0   Section        0  main.o(i.HAL_TIM_IC_CaptureCallback)
    i.HAL_TIM_IC_ConfigChannel               0x08002324   Section        0  stm32g4xx_hal_tim.o(i.HAL_TIM_IC_ConfigChannel)
    i.HAL_TIM_IC_Init                        0x08002432   Section        0  stm32g4xx_hal_tim.o(i.HAL_TIM_IC_Init)
    i.HAL_TIM_IC_MspInit                     0x08002494   Section        0  stm32g4xx_hal_tim.o(i.HAL_TIM_IC_MspInit)
    i.HAL_TIM_IC_Start                       0x08002498   Section        0  stm32g4xx_hal_tim.o(i.HAL_TIM_IC_Start)
    i.HAL_TIM_IC_Start_IT                    0x08002560   Section        0  stm32g4xx_hal_tim.o(i.HAL_TIM_IC_Start_IT)
    i.HAL_TIM_IRQHandler                     0x08002650   Section        0  stm32g4xx_hal_tim.o(i.HAL_TIM_IRQHandler)
    i.HAL_TIM_MspPostInit                    0x0800284c   Section        0  tim.o(i.HAL_TIM_MspPostInit)
    i.HAL_TIM_OC_DelayElapsedCallback        0x08002898   Section        0  stm32g4xx_hal_tim.o(i.HAL_TIM_OC_DelayElapsedCallback)
    i.HAL_TIM_PWM_ConfigChannel              0x0800289a   Section        0  stm32g4xx_hal_tim.o(i.HAL_TIM_PWM_ConfigChannel)
    i.HAL_TIM_PWM_Init                       0x080029b8   Section        0  stm32g4xx_hal_tim.o(i.HAL_TIM_PWM_Init)
    i.HAL_TIM_PWM_MspInit                    0x08002a1c   Section        0  tim.o(i.HAL_TIM_PWM_MspInit)
    i.HAL_TIM_PWM_PulseFinishedCallback      0x08002a44   Section        0  stm32g4xx_hal_tim.o(i.HAL_TIM_PWM_PulseFinishedCallback)
    i.HAL_TIM_PeriodElapsedCallback          0x08002a46   Section        0  stm32g4xx_hal_tim.o(i.HAL_TIM_PeriodElapsedCallback)
    i.HAL_TIM_ReadCapturedValue              0x08002a48   Section        0  stm32g4xx_hal_tim.o(i.HAL_TIM_ReadCapturedValue)
    i.HAL_TIM_SlaveConfigSynchro             0x08002a72   Section        0  stm32g4xx_hal_tim.o(i.HAL_TIM_SlaveConfigSynchro)
    i.HAL_TIM_TriggerCallback                0x08002ac8   Section        0  stm32g4xx_hal_tim.o(i.HAL_TIM_TriggerCallback)
    i.HAL_UARTEx_DisableFifoMode             0x08002aca   Section        0  stm32g4xx_hal_uart_ex.o(i.HAL_UARTEx_DisableFifoMode)
    i.HAL_UARTEx_RxFifoFullCallback          0x08002b08   Section        0  stm32g4xx_hal_uart_ex.o(i.HAL_UARTEx_RxFifoFullCallback)
    i.HAL_UARTEx_SetRxFifoThreshold          0x08002b0a   Section        0  stm32g4xx_hal_uart_ex.o(i.HAL_UARTEx_SetRxFifoThreshold)
    i.HAL_UARTEx_SetTxFifoThreshold          0x08002b56   Section        0  stm32g4xx_hal_uart_ex.o(i.HAL_UARTEx_SetTxFifoThreshold)
    i.HAL_UARTEx_TxFifoEmptyCallback         0x08002ba2   Section        0  stm32g4xx_hal_uart_ex.o(i.HAL_UARTEx_TxFifoEmptyCallback)
    i.HAL_UARTEx_WakeupCallback              0x08002ba4   Section        0  stm32g4xx_hal_uart_ex.o(i.HAL_UARTEx_WakeupCallback)
    i.HAL_UART_ErrorCallback                 0x08002ba6   Section        0  stm32g4xx_hal_uart.o(i.HAL_UART_ErrorCallback)
    i.HAL_UART_IRQHandler                    0x08002ba8   Section        0  stm32g4xx_hal_uart.o(i.HAL_UART_IRQHandler)
    i.HAL_UART_Init                          0x08002d44   Section        0  stm32g4xx_hal_uart.o(i.HAL_UART_Init)
    i.HAL_UART_MspInit                       0x08002db0   Section        0  usart.o(i.HAL_UART_MspInit)
    i.HAL_UART_Receive_IT                    0x08002e24   Section        0  stm32g4xx_hal_uart.o(i.HAL_UART_Receive_IT)
    i.HAL_UART_RxCpltCallback                0x08002f20   Section        0  main.o(i.HAL_UART_RxCpltCallback)
    i.HAL_UART_Transmit_IT                   0x08002fe8   Section        0  stm32g4xx_hal_uart.o(i.HAL_UART_Transmit_IT)
    i.HAL_UART_TxCpltCallback                0x08003084   Section        0  stm32g4xx_hal_uart.o(i.HAL_UART_TxCpltCallback)
    i.HardFault_Handler                      0x08003086   Section        0  stm32g4xx_it.o(i.HardFault_Handler)
    i.I2CReceiveByte                         0x08003088   Section        0  i2c.o(i.I2CReceiveByte)
    i.I2CSendAck                             0x080030d6   Section        0  i2c.o(i.I2CSendAck)
    i.I2CSendByte                            0x08003106   Section        0  i2c.o(i.I2CSendByte)
    i.I2CSendNotAck                          0x08003154   Section        0  i2c.o(i.I2CSendNotAck)
    i.I2CStart                               0x08003184   Section        0  i2c.o(i.I2CStart)
    i.I2CStop                                0x080031ba   Section        0  i2c.o(i.I2CStop)
    i.I2CWaitAck                             0x080031f0   Section        0  i2c.o(i.I2CWaitAck)
    i.IsNum                                  0x0800323e   Section        0  main.o(i.IsNum)
    i.KEY_Read                               0x0800324c   Section        0  gpio.o(i.KEY_Read)
    i.Key_Proc                               0x080032d0   Section        0  main.o(i.Key_Proc)
    i.LCD_BusIn                              0x08003398   Section        0  lcd.o(i.LCD_BusIn)
    i.LCD_BusOut                             0x080033c4   Section        0  lcd.o(i.LCD_BusOut)
    i.LCD_Clear                              0x080033f4   Section        0  lcd.o(i.LCD_Clear)
    i.LCD_CtrlLinesConfig                    0x08003418   Section        0  lcd.o(i.LCD_CtrlLinesConfig)
    i.LCD_DisplayChar                        0x080034a8   Section        0  lcd.o(i.LCD_DisplayChar)
    i.LCD_DisplayStringLine                  0x080034c0   Section        0  lcd.o(i.LCD_DisplayStringLine)
    i.LCD_DrawChar                           0x080034ec   Section        0  lcd.o(i.LCD_DrawChar)
    i.LCD_Init                               0x08003544   Section        0  lcd.o(i.LCD_Init)
    i.LCD_ReadReg                            0x08003578   Section        0  lcd.o(i.LCD_ReadReg)
    i.LCD_SetBackColor                       0x080035f8   Section        0  lcd.o(i.LCD_SetBackColor)
    i.LCD_SetCursor                          0x08003608   Section        0  lcd.o(i.LCD_SetCursor)
    i.LCD_SetTextColor                       0x08003620   Section        0  lcd.o(i.LCD_SetTextColor)
    i.LCD_WriteRAM                           0x08003630   Section        0  lcd.o(i.LCD_WriteRAM)
    i.LCD_WriteRAM_Prepare                   0x08003688   Section        0  lcd.o(i.LCD_WriteRAM_Prepare)
    i.LCD_WriteReg                           0x080036e4   Section        0  lcd.o(i.LCD_WriteReg)
    i.LED_Disp                               0x08003750   Section        0  gpio.o(i.LED_Disp)
    i.LL_ADC_GetOffsetChannel                0x0800377c   Section        0  stm32g4xx_hal_adc.o(i.LL_ADC_GetOffsetChannel)
    LL_ADC_GetOffsetChannel                  0x0800377d   Thumb Code    12  stm32g4xx_hal_adc.o(i.LL_ADC_GetOffsetChannel)
    i.LL_ADC_INJ_IsConversionOngoing         0x08003788   Section        0  stm32g4xx_hal_adc.o(i.LL_ADC_INJ_IsConversionOngoing)
    LL_ADC_INJ_IsConversionOngoing           0x08003789   Thumb Code     8  stm32g4xx_hal_adc.o(i.LL_ADC_INJ_IsConversionOngoing)
    i.LL_ADC_REG_IsConversionOngoing         0x08003790   Section        0  stm32g4xx_hal_adc.o(i.LL_ADC_REG_IsConversionOngoing)
    LL_ADC_REG_IsConversionOngoing           0x08003791   Thumb Code     8  stm32g4xx_hal_adc.o(i.LL_ADC_REG_IsConversionOngoing)
    i.LL_ADC_REG_IsConversionOngoing         0x08003798   Section        0  stm32g4xx_hal_adc_ex.o(i.LL_ADC_REG_IsConversionOngoing)
    LL_ADC_REG_IsConversionOngoing           0x08003799   Thumb Code     8  stm32g4xx_hal_adc_ex.o(i.LL_ADC_REG_IsConversionOngoing)
    i.LL_ADC_REG_IsTriggerSourceSWStart      0x080037a0   Section        0  stm32g4xx_hal_adc.o(i.LL_ADC_REG_IsTriggerSourceSWStart)
    LL_ADC_REG_IsTriggerSourceSWStart        0x080037a1   Thumb Code    16  stm32g4xx_hal_adc.o(i.LL_ADC_REG_IsTriggerSourceSWStart)
    i.LL_ADC_SetChannelSamplingTime          0x080037b0   Section        0  stm32g4xx_hal_adc.o(i.LL_ADC_SetChannelSamplingTime)
    LL_ADC_SetChannelSamplingTime            0x080037b1   Thumb Code    30  stm32g4xx_hal_adc.o(i.LL_ADC_SetChannelSamplingTime)
    i.LL_ADC_SetOffsetState                  0x080037ce   Section        0  stm32g4xx_hal_adc.o(i.LL_ADC_SetOffsetState)
    LL_ADC_SetOffsetState                    0x080037cf   Thumb Code    16  stm32g4xx_hal_adc.o(i.LL_ADC_SetOffsetState)
    i.Lcd_Proc                               0x080037e0   Section        0  main.o(i.Lcd_Proc)
    i.Led_Proc                               0x08003a28   Section        0  main.o(i.Led_Proc)
    i.MCP_Write                              0x08003a68   Section        0  i2c.o(i.MCP_Write)
    i.MEM_Read                               0x08003a8c   Section        0  i2c.o(i.MEM_Read)
    i.MEM_Write                              0x08003ae0   Section        0  i2c.o(i.MEM_Write)
    i.MX_ADC1_Init                           0x08003b20   Section        0  adc.o(i.MX_ADC1_Init)
    i.MX_GPIO_Init                           0x08003bcc   Section        0  gpio.o(i.MX_GPIO_Init)
    i.MX_TIM15_Init                          0x08003d00   Section        0  tim.o(i.MX_TIM15_Init)
    i.MX_TIM2_Init                           0x08003da8   Section        0  tim.o(i.MX_TIM2_Init)
    i.MX_USART1_UART_Init                    0x08003e58   Section        0  usart.o(i.MX_USART1_UART_Init)
    i.MemManage_Handler                      0x08003ec0   Section        0  stm32g4xx_it.o(i.MemManage_Handler)
    i.NMI_Handler                            0x08003ec2   Section        0  stm32g4xx_it.o(i.NMI_Handler)
    i.PendSV_Handler                         0x08003ec4   Section        0  stm32g4xx_it.o(i.PendSV_Handler)
    i.REG_8230_Init                          0x08003ec6   Section        0  lcd.o(i.REG_8230_Init)
    i.REG_932X_Init                          0x08003fd8   Section        0  lcd.o(i.REG_932X_Init)
    i.SCL_Output                             0x080041dc   Section        0  i2c.o(i.SCL_Output)
    i.SDA_Input                              0x080041f4   Section        0  i2c.o(i.SDA_Input)
    i.SDA_Input_Mode                         0x0800420c   Section        0  i2c.o(i.SDA_Input_Mode)
    i.SDA_Output                             0x08004238   Section        0  i2c.o(i.SDA_Output)
    i.SDA_Output_Mode                        0x08004250   Section        0  i2c.o(i.SDA_Output_Mode)
    i.SVC_Handler                            0x0800427c   Section        0  stm32g4xx_it.o(i.SVC_Handler)
    i.SysTick_Handler                        0x08004280   Section        0  stm32g4xx_it.o(i.SysTick_Handler)
    i.SystemClock_Config                     0x080042cc   Section        0  main.o(i.SystemClock_Config)
    i.SystemInit                             0x08004340   Section        0  system_stm32g4xx.o(i.SystemInit)
    i.TIM2_IRQHandler                        0x0800435c   Section        0  stm32g4xx_it.o(i.TIM2_IRQHandler)
    i.TIM_Base_SetConfig                     0x08004368   Section        0  stm32g4xx_hal_tim.o(i.TIM_Base_SetConfig)
    i.TIM_CCxChannelCmd                      0x08004418   Section        0  stm32g4xx_hal_tim.o(i.TIM_CCxChannelCmd)
    i.TIM_CCxNChannelCmd                     0x08004432   Section        0  stm32g4xx_hal_tim_ex.o(i.TIM_CCxNChannelCmd)
    TIM_CCxNChannelCmd                       0x08004433   Thumb Code    26  stm32g4xx_hal_tim_ex.o(i.TIM_CCxNChannelCmd)
    i.TIM_ETR_SetConfig                      0x0800444c   Section        0  stm32g4xx_hal_tim.o(i.TIM_ETR_SetConfig)
    i.TIM_OC1_SetConfig                      0x08004460   Section        0  stm32g4xx_hal_tim.o(i.TIM_OC1_SetConfig)
    TIM_OC1_SetConfig                        0x08004461   Thumb Code   132  stm32g4xx_hal_tim.o(i.TIM_OC1_SetConfig)
    i.TIM_OC2_SetConfig                      0x080044fc   Section        0  stm32g4xx_hal_tim.o(i.TIM_OC2_SetConfig)
    i.TIM_OC3_SetConfig                      0x0800458c   Section        0  stm32g4xx_hal_tim.o(i.TIM_OC3_SetConfig)
    TIM_OC3_SetConfig                        0x0800458d   Thumb Code   118  stm32g4xx_hal_tim.o(i.TIM_OC3_SetConfig)
    i.TIM_OC4_SetConfig                      0x0800461c   Section        0  stm32g4xx_hal_tim.o(i.TIM_OC4_SetConfig)
    TIM_OC4_SetConfig                        0x0800461d   Thumb Code   120  stm32g4xx_hal_tim.o(i.TIM_OC4_SetConfig)
    i.TIM_OC5_SetConfig                      0x080046ac   Section        0  stm32g4xx_hal_tim.o(i.TIM_OC5_SetConfig)
    TIM_OC5_SetConfig                        0x080046ad   Thumb Code    86  stm32g4xx_hal_tim.o(i.TIM_OC5_SetConfig)
    i.TIM_OC6_SetConfig                      0x0800471c   Section        0  stm32g4xx_hal_tim.o(i.TIM_OC6_SetConfig)
    TIM_OC6_SetConfig                        0x0800471d   Thumb Code    88  stm32g4xx_hal_tim.o(i.TIM_OC6_SetConfig)
    i.TIM_SlaveTimer_SetConfig               0x0800478c   Section        0  stm32g4xx_hal_tim.o(i.TIM_SlaveTimer_SetConfig)
    TIM_SlaveTimer_SetConfig                 0x0800478d   Thumb Code   148  stm32g4xx_hal_tim.o(i.TIM_SlaveTimer_SetConfig)
    i.TIM_TI1_ConfigInputStage               0x08004828   Section        0  stm32g4xx_hal_tim.o(i.TIM_TI1_ConfigInputStage)
    TIM_TI1_ConfigInputStage                 0x08004829   Thumb Code    34  stm32g4xx_hal_tim.o(i.TIM_TI1_ConfigInputStage)
    i.TIM_TI1_SetConfig                      0x0800484c   Section        0  stm32g4xx_hal_tim.o(i.TIM_TI1_SetConfig)
    i.TIM_TI2_ConfigInputStage               0x080048b8   Section        0  stm32g4xx_hal_tim.o(i.TIM_TI2_ConfigInputStage)
    TIM_TI2_ConfigInputStage                 0x080048b9   Thumb Code    36  stm32g4xx_hal_tim.o(i.TIM_TI2_ConfigInputStage)
    i.TIM_TI2_SetConfig                      0x080048dc   Section        0  stm32g4xx_hal_tim.o(i.TIM_TI2_SetConfig)
    TIM_TI2_SetConfig                        0x080048dd   Thumb Code    54  stm32g4xx_hal_tim.o(i.TIM_TI2_SetConfig)
    i.UARTEx_SetNbDataToProcess              0x08004914   Section        0  stm32g4xx_hal_uart_ex.o(i.UARTEx_SetNbDataToProcess)
    UARTEx_SetNbDataToProcess                0x08004915   Thumb Code    82  stm32g4xx_hal_uart_ex.o(i.UARTEx_SetNbDataToProcess)
    i.UART_AdvFeatureConfig                  0x08004978   Section        0  stm32g4xx_hal_uart.o(i.UART_AdvFeatureConfig)
    i.UART_CheckIdleState                    0x08004a40   Section        0  stm32g4xx_hal_uart.o(i.UART_CheckIdleState)
    i.UART_DMAAbortOnError                   0x08004a9e   Section        0  stm32g4xx_hal_uart.o(i.UART_DMAAbortOnError)
    UART_DMAAbortOnError                     0x08004a9f   Thumb Code    20  stm32g4xx_hal_uart.o(i.UART_DMAAbortOnError)
    i.UART_EndRxTransfer                     0x08004ab4   Section        0  stm32g4xx_hal_uart.o(i.UART_EndRxTransfer)
    UART_EndRxTransfer                       0x08004ab5   Thumb Code    32  stm32g4xx_hal_uart.o(i.UART_EndRxTransfer)
    i.UART_RxISR_16BIT                       0x08004ad8   Section        0  stm32g4xx_hal_uart.o(i.UART_RxISR_16BIT)
    UART_RxISR_16BIT                         0x08004ad9   Thumb Code    94  stm32g4xx_hal_uart.o(i.UART_RxISR_16BIT)
    i.UART_RxISR_16BIT_FIFOEN                0x08004b38   Section        0  stm32g4xx_hal_uart.o(i.UART_RxISR_16BIT_FIFOEN)
    UART_RxISR_16BIT_FIFOEN                  0x08004b39   Thumb Code   152  stm32g4xx_hal_uart.o(i.UART_RxISR_16BIT_FIFOEN)
    i.UART_RxISR_8BIT                        0x08004bd8   Section        0  stm32g4xx_hal_uart.o(i.UART_RxISR_8BIT)
    UART_RxISR_8BIT                          0x08004bd9   Thumb Code    94  stm32g4xx_hal_uart.o(i.UART_RxISR_8BIT)
    i.UART_RxISR_8BIT_FIFOEN                 0x08004c38   Section        0  stm32g4xx_hal_uart.o(i.UART_RxISR_8BIT_FIFOEN)
    UART_RxISR_8BIT_FIFOEN                   0x08004c39   Thumb Code   152  stm32g4xx_hal_uart.o(i.UART_RxISR_8BIT_FIFOEN)
    i.UART_SetConfig                         0x08004cd8   Section        0  stm32g4xx_hal_uart.o(i.UART_SetConfig)
    i.UART_TxISR_16BIT                       0x0800547e   Section        0  stm32g4xx_hal_uart.o(i.UART_TxISR_16BIT)
    UART_TxISR_16BIT                         0x0800547f   Thumb Code    66  stm32g4xx_hal_uart.o(i.UART_TxISR_16BIT)
    i.UART_TxISR_16BIT_FIFOEN                0x080054c0   Section        0  stm32g4xx_hal_uart.o(i.UART_TxISR_16BIT_FIFOEN)
    UART_TxISR_16BIT_FIFOEN                  0x080054c1   Thumb Code    88  stm32g4xx_hal_uart.o(i.UART_TxISR_16BIT_FIFOEN)
    i.UART_TxISR_8BIT                        0x08005518   Section        0  stm32g4xx_hal_uart.o(i.UART_TxISR_8BIT)
    UART_TxISR_8BIT                          0x08005519   Thumb Code    62  stm32g4xx_hal_uart.o(i.UART_TxISR_8BIT)
    i.UART_TxISR_8BIT_FIFOEN                 0x08005558   Section        0  stm32g4xx_hal_uart.o(i.UART_TxISR_8BIT_FIFOEN)
    UART_TxISR_8BIT_FIFOEN                   0x08005559   Thumb Code    84  stm32g4xx_hal_uart.o(i.UART_TxISR_8BIT_FIFOEN)
    i.UART_WaitOnFlagUntilTimeout            0x080055ac   Section        0  stm32g4xx_hal_uart.o(i.UART_WaitOnFlagUntilTimeout)
    i.USART1_IRQHandler                      0x08005610   Section        0  stm32g4xx_it.o(i.USART1_IRQHandler)
    i.UsageFault_Handler                     0x0800561c   Section        0  stm32g4xx_it.o(i.UsageFault_Handler)
    i.Ztj_Proc                               0x08005620   Section        0  main.o(i.Ztj_Proc)
    i.__0sprintf                             0x0800568c   Section        0  printfa.o(i.__0sprintf)
    i.__NVIC_SetPriority                     0x080056b4   Section        0  stm32g4xx_hal_cortex.o(i.__NVIC_SetPriority)
    __NVIC_SetPriority                       0x080056b5   Thumb Code    32  stm32g4xx_hal_cortex.o(i.__NVIC_SetPriority)
    i.__scatterload_copy                     0x080056d4   Section       14  handlers.o(i.__scatterload_copy)
    i.__scatterload_null                     0x080056e2   Section        2  handlers.o(i.__scatterload_null)
    i.__scatterload_zeroinit                 0x080056e4   Section       14  handlers.o(i.__scatterload_zeroinit)
    i._fp_digits                             0x080056f4   Section        0  printfa.o(i._fp_digits)
    _fp_digits                               0x080056f5   Thumb Code   366  printfa.o(i._fp_digits)
    i._printf_core                           0x08005878   Section        0  printfa.o(i._printf_core)
    _printf_core                             0x08005879   Thumb Code  1744  printfa.o(i._printf_core)
    i._printf_post_padding                   0x08005f54   Section        0  printfa.o(i._printf_post_padding)
    _printf_post_padding                     0x08005f55   Thumb Code    36  printfa.o(i._printf_post_padding)
    i._printf_pre_padding                    0x08005f78   Section        0  printfa.o(i._printf_pre_padding)
    _printf_pre_padding                      0x08005f79   Thumb Code    46  printfa.o(i._printf_pre_padding)
    i._sputc                                 0x08005fa6   Section        0  printfa.o(i._sputc)
    _sputc                                   0x08005fa7   Thumb Code    10  printfa.o(i._sputc)
    i.delay1                                 0x08005fb0   Section        0  i2c.o(i.delay1)
    delay1                                   0x08005fb1   Thumb Code    12  i2c.o(i.delay1)
    i.main                                   0x08005fbc   Section        0  main.o(i.main)
    .constdata                               0x08006078   Section     4560  lcd.o(.constdata)
    .constdata                               0x08007248   Section       16  system_stm32g4xx.o(.constdata)
    .constdata                               0x08007258   Section        8  system_stm32g4xx.o(.constdata)
    .data                                    0x20000000   Section        6  lcd.o(.data)
    TextColor                                0x20000000   Data           2  lcd.o(.data)
    BackColor                                0x20000002   Data           2  lcd.o(.data)
    .data                                    0x20000008   Section       60  main.o(.data)
    ucKey_Old                                0x2000000b   Data           1  main.o(.data)
    uiErrNum                                 0x2000000c   Data           2  main.o(.data)
    uwLedTime                                0x20000028   Data           4  main.o(.data)
    uwLD1_StartTime                          0x2000002c   Data           4  main.o(.data)
    ulKey_Time                               0x20000030   Data           4  main.o(.data)
    .data                                    0x20000044   Section        4  main.o(.data)
    .data                                    0x20000048   Section       12  stm32g4xx_hal.o(.data)
    .data                                    0x20000054   Section        4  system_stm32g4xx.o(.data)
    .bss                                     0x20000058   Section      108  adc.o(.bss)
    .bss                                     0x200000c4   Section      152  tim.o(.bss)
    .bss                                     0x2000015c   Section      140  usart.o(.bss)
    STACK                                    0x200001e8   Section     1024  startup_stm32g431xx.o(STACK)

    Global Symbols

    Symbol Name                              Value     Ov Type        Size  Object(Section)

    BuildAttributes$$THM_ISAv4$E$P$D$K$B$S$7EM$VFPi3$EXTD16$VFPS$VFMA$PE$A:L22UL41UL21$X:L11$S22US41US21$IEEE1$IW$USESV6$~STKCKD$USESV7$~SHL$OSPACE$ROPI$EBA8$MICROLIB$REQ8$PRES8$EABIv2 0x00000000   Number         0  anon$$obj.o ABSOLUTE
    __ARM_use_no_argv                        0x00000000   Number         0  main.o ABSOLUTE
    _printf_a                                0x00000000   Number         0  stubs.o ABSOLUTE
    _printf_c                                0x00000000   Number         0  stubs.o ABSOLUTE
    _printf_charcount                        0x00000000   Number         0  stubs.o ABSOLUTE
    _printf_d                                0x00000000   Number         0  stubs.o ABSOLUTE
    _printf_e                                0x00000000   Number         0  stubs.o ABSOLUTE
    _printf_f                                0x00000000   Number         0  stubs.o ABSOLUTE
    _printf_flags                            0x00000000   Number         0  stubs.o ABSOLUTE
    _printf_fp_dec                           0x00000000   Number         0  stubs.o ABSOLUTE
    _printf_fp_hex                           0x00000000   Number         0  stubs.o ABSOLUTE
    _printf_g                                0x00000000   Number         0  stubs.o ABSOLUTE
    _printf_i                                0x00000000   Number         0  stubs.o ABSOLUTE
    _printf_int_dec                          0x00000000   Number         0  stubs.o ABSOLUTE
    _printf_l                                0x00000000   Number         0  stubs.o ABSOLUTE
    _printf_lc                               0x00000000   Number         0  stubs.o ABSOLUTE
    _printf_ll                               0x00000000   Number         0  stubs.o ABSOLUTE
    _printf_lld                              0x00000000   Number         0  stubs.o ABSOLUTE
    _printf_lli                              0x00000000   Number         0  stubs.o ABSOLUTE
    _printf_llo                              0x00000000   Number         0  stubs.o ABSOLUTE
    _printf_llu                              0x00000000   Number         0  stubs.o ABSOLUTE
    _printf_llx                              0x00000000   Number         0  stubs.o ABSOLUTE
    _printf_longlong_dec                     0x00000000   Number         0  stubs.o ABSOLUTE
    _printf_longlong_hex                     0x00000000   Number         0  stubs.o ABSOLUTE
    _printf_longlong_oct                     0x00000000   Number         0  stubs.o ABSOLUTE
    _printf_ls                               0x00000000   Number         0  stubs.o ABSOLUTE
    _printf_mbtowc                           0x00000000   Number         0  stubs.o ABSOLUTE
    _printf_n                                0x00000000   Number         0  stubs.o ABSOLUTE
    _printf_o                                0x00000000   Number         0  stubs.o ABSOLUTE
    _printf_p                                0x00000000   Number         0  stubs.o ABSOLUTE
    _printf_percent                          0x00000000   Number         0  stubs.o ABSOLUTE
    _printf_pre_padding                      0x00000000   Number         0  stubs.o ABSOLUTE
    _printf_return_value                     0x00000000   Number         0  stubs.o ABSOLUTE
    _printf_s                                0x00000000   Number         0  stubs.o ABSOLUTE
    _printf_sizespec                         0x00000000   Number         0  stubs.o ABSOLUTE
    _printf_str                              0x00000000   Number         0  stubs.o ABSOLUTE
    _printf_truncate_signed                  0x00000000   Number         0  stubs.o ABSOLUTE
    _printf_truncate_unsigned                0x00000000   Number         0  stubs.o ABSOLUTE
    _printf_u                                0x00000000   Number         0  stubs.o ABSOLUTE
    _printf_wc                               0x00000000   Number         0  stubs.o ABSOLUTE
    _printf_wctomb                           0x00000000   Number         0  stubs.o ABSOLUTE
    _printf_widthprec                        0x00000000   Number         0  stubs.o ABSOLUTE
    _printf_x                                0x00000000   Number         0  stubs.o ABSOLUTE
    __cpp_initialize__aeabi_                  - Undefined Weak Reference
    __cxa_finalize                            - Undefined Weak Reference
    __decompress                              - Undefined Weak Reference
    _clock_init                               - Undefined Weak Reference
    _microlib_exit                            - Undefined Weak Reference
    __Vectors_Size                           0x000001d8   Number         0  startup_stm32g431xx.o ABSOLUTE
    __Vectors                                0x08000000   Data           4  startup_stm32g431xx.o(RESET)
    __Vectors_End                            0x080001d8   Data           0  startup_stm32g431xx.o(RESET)
    __main                                   0x080001d9   Thumb Code     0  entry.o(.ARM.Collect$$$$00000000)
    _main_stk                                0x080001d9   Thumb Code     0  entry2.o(.ARM.Collect$$$$00000001)
    _main_scatterload                        0x080001dd   Thumb Code     0  entry5.o(.ARM.Collect$$$$00000004)
    __main_after_scatterload                 0x080001e1   Thumb Code     0  entry5.o(.ARM.Collect$$$$00000004)
    _main_clock                              0x080001e1   Thumb Code     0  entry7b.o(.ARM.Collect$$$$00000008)
    _main_cpp_init                           0x080001e1   Thumb Code     0  entry8b.o(.ARM.Collect$$$$0000000A)
    _main_init                               0x080001e1   Thumb Code     0  entry9a.o(.ARM.Collect$$$$0000000B)
    __rt_final_cpp                           0x080001e9   Thumb Code     0  entry10a.o(.ARM.Collect$$$$0000000D)
    __rt_final_exit                          0x080001e9   Thumb Code     0  entry11a.o(.ARM.Collect$$$$0000000F)
    Reset_Handler                            0x080001ed   Thumb Code     8  startup_stm32g431xx.o(.text)
    ADC1_2_IRQHandler                        0x08000207   Thumb Code     0  startup_stm32g431xx.o(.text)
    COMP1_2_3_IRQHandler                     0x08000207   Thumb Code     0  startup_stm32g431xx.o(.text)
    COMP4_IRQHandler                         0x08000207   Thumb Code     0  startup_stm32g431xx.o(.text)
    CORDIC_IRQHandler                        0x08000207   Thumb Code     0  startup_stm32g431xx.o(.text)
    CRS_IRQHandler                           0x08000207   Thumb Code     0  startup_stm32g431xx.o(.text)
    DMA1_Channel1_IRQHandler                 0x08000207   Thumb Code     0  startup_stm32g431xx.o(.text)
    DMA1_Channel2_IRQHandler                 0x08000207   Thumb Code     0  startup_stm32g431xx.o(.text)
    DMA1_Channel3_IRQHandler                 0x08000207   Thumb Code     0  startup_stm32g431xx.o(.text)
    DMA1_Channel4_IRQHandler                 0x08000207   Thumb Code     0  startup_stm32g431xx.o(.text)
    DMA1_Channel5_IRQHandler                 0x08000207   Thumb Code     0  startup_stm32g431xx.o(.text)
    DMA1_Channel6_IRQHandler                 0x08000207   Thumb Code     0  startup_stm32g431xx.o(.text)
    DMA2_Channel1_IRQHandler                 0x08000207   Thumb Code     0  startup_stm32g431xx.o(.text)
    DMA2_Channel2_IRQHandler                 0x08000207   Thumb Code     0  startup_stm32g431xx.o(.text)
    DMA2_Channel3_IRQHandler                 0x08000207   Thumb Code     0  startup_stm32g431xx.o(.text)
    DMA2_Channel4_IRQHandler                 0x08000207   Thumb Code     0  startup_stm32g431xx.o(.text)
    DMA2_Channel5_IRQHandler                 0x08000207   Thumb Code     0  startup_stm32g431xx.o(.text)
    DMA2_Channel6_IRQHandler                 0x08000207   Thumb Code     0  startup_stm32g431xx.o(.text)
    DMAMUX_OVR_IRQHandler                    0x08000207   Thumb Code     0  startup_stm32g431xx.o(.text)
    EXTI0_IRQHandler                         0x08000207   Thumb Code     0  startup_stm32g431xx.o(.text)
    EXTI15_10_IRQHandler                     0x08000207   Thumb Code     0  startup_stm32g431xx.o(.text)
    EXTI1_IRQHandler                         0x08000207   Thumb Code     0  startup_stm32g431xx.o(.text)
    EXTI2_IRQHandler                         0x08000207   Thumb Code     0  startup_stm32g431xx.o(.text)
    EXTI3_IRQHandler                         0x08000207   Thumb Code     0  startup_stm32g431xx.o(.text)
    EXTI4_IRQHandler                         0x08000207   Thumb Code     0  startup_stm32g431xx.o(.text)
    EXTI9_5_IRQHandler                       0x08000207   Thumb Code     0  startup_stm32g431xx.o(.text)
    FDCAN1_IT0_IRQHandler                    0x08000207   Thumb Code     0  startup_stm32g431xx.o(.text)
    FDCAN1_IT1_IRQHandler                    0x08000207   Thumb Code     0  startup_stm32g431xx.o(.text)
    FLASH_IRQHandler                         0x08000207   Thumb Code     0  startup_stm32g431xx.o(.text)
    FMAC_IRQHandler                          0x08000207   Thumb Code     0  startup_stm32g431xx.o(.text)
    FPU_IRQHandler                           0x08000207   Thumb Code     0  startup_stm32g431xx.o(.text)
    I2C1_ER_IRQHandler                       0x08000207   Thumb Code     0  startup_stm32g431xx.o(.text)
    I2C1_EV_IRQHandler                       0x08000207   Thumb Code     0  startup_stm32g431xx.o(.text)
    I2C2_ER_IRQHandler                       0x08000207   Thumb Code     0  startup_stm32g431xx.o(.text)
    I2C2_EV_IRQHandler                       0x08000207   Thumb Code     0  startup_stm32g431xx.o(.text)
    I2C3_ER_IRQHandler                       0x08000207   Thumb Code     0  startup_stm32g431xx.o(.text)
    I2C3_EV_IRQHandler                       0x08000207   Thumb Code     0  startup_stm32g431xx.o(.text)
    LPTIM1_IRQHandler                        0x08000207   Thumb Code     0  startup_stm32g431xx.o(.text)
    LPUART1_IRQHandler                       0x08000207   Thumb Code     0  startup_stm32g431xx.o(.text)
    PVD_PVM_IRQHandler                       0x08000207   Thumb Code     0  startup_stm32g431xx.o(.text)
    RCC_IRQHandler                           0x08000207   Thumb Code     0  startup_stm32g431xx.o(.text)
    RNG_IRQHandler                           0x08000207   Thumb Code     0  startup_stm32g431xx.o(.text)
    RTC_Alarm_IRQHandler                     0x08000207   Thumb Code     0  startup_stm32g431xx.o(.text)
    RTC_TAMP_LSECSS_IRQHandler               0x08000207   Thumb Code     0  startup_stm32g431xx.o(.text)
    RTC_WKUP_IRQHandler                      0x08000207   Thumb Code     0  startup_stm32g431xx.o(.text)
    SAI1_IRQHandler                          0x08000207   Thumb Code     0  startup_stm32g431xx.o(.text)
    SPI1_IRQHandler                          0x08000207   Thumb Code     0  startup_stm32g431xx.o(.text)
    SPI2_IRQHandler                          0x08000207   Thumb Code     0  startup_stm32g431xx.o(.text)
    SPI3_IRQHandler                          0x08000207   Thumb Code     0  startup_stm32g431xx.o(.text)
    TIM1_BRK_TIM15_IRQHandler                0x08000207   Thumb Code     0  startup_stm32g431xx.o(.text)
    TIM1_CC_IRQHandler                       0x08000207   Thumb Code     0  startup_stm32g431xx.o(.text)
    TIM1_TRG_COM_TIM17_IRQHandler            0x08000207   Thumb Code     0  startup_stm32g431xx.o(.text)
    TIM1_UP_TIM16_IRQHandler                 0x08000207   Thumb Code     0  startup_stm32g431xx.o(.text)
    TIM3_IRQHandler                          0x08000207   Thumb Code     0  startup_stm32g431xx.o(.text)
    TIM4_IRQHandler                          0x08000207   Thumb Code     0  startup_stm32g431xx.o(.text)
    TIM6_DAC_IRQHandler                      0x08000207   Thumb Code     0  startup_stm32g431xx.o(.text)
    TIM7_DAC_IRQHandler                      0x08000207   Thumb Code     0  startup_stm32g431xx.o(.text)
    TIM8_BRK_IRQHandler                      0x08000207   Thumb Code     0  startup_stm32g431xx.o(.text)
    TIM8_CC_IRQHandler                       0x08000207   Thumb Code     0  startup_stm32g431xx.o(.text)
    TIM8_TRG_COM_IRQHandler                  0x08000207   Thumb Code     0  startup_stm32g431xx.o(.text)
    TIM8_UP_IRQHandler                       0x08000207   Thumb Code     0  startup_stm32g431xx.o(.text)
    UART4_IRQHandler                         0x08000207   Thumb Code     0  startup_stm32g431xx.o(.text)
    UCPD1_IRQHandler                         0x08000207   Thumb Code     0  startup_stm32g431xx.o(.text)
    USART2_IRQHandler                        0x08000207   Thumb Code     0  startup_stm32g431xx.o(.text)
    USART3_IRQHandler                        0x08000207   Thumb Code     0  startup_stm32g431xx.o(.text)
    USBWakeUp_IRQHandler                     0x08000207   Thumb Code     0  startup_stm32g431xx.o(.text)
    USB_HP_IRQHandler                        0x08000207   Thumb Code     0  startup_stm32g431xx.o(.text)
    USB_LP_IRQHandler                        0x08000207   Thumb Code     0  startup_stm32g431xx.o(.text)
    WWDG_IRQHandler                          0x08000207   Thumb Code     0  startup_stm32g431xx.o(.text)
    __aeabi_uldivmod                         0x08000211   Thumb Code    98  uldiv.o(.text)
    __aeabi_memset                           0x08000273   Thumb Code    14  memseta.o(.text)
    __aeabi_memset4                          0x08000273   Thumb Code     0  memseta.o(.text)
    __aeabi_memset8                          0x08000273   Thumb Code     0  memseta.o(.text)
    __aeabi_memclr                           0x08000281   Thumb Code     4  memseta.o(.text)
    __aeabi_memclr4                          0x08000281   Thumb Code     0  memseta.o(.text)
    __aeabi_memclr8                          0x08000281   Thumb Code     0  memseta.o(.text)
    _memset$wrapper                          0x08000285   Thumb Code    18  memseta.o(.text)
    __aeabi_dmul                             0x08000297   Thumb Code   228  dmul.o(.text)
    __aeabi_ddiv                             0x0800037b   Thumb Code   222  ddiv.o(.text)
    __aeabi_ui2d                             0x08000459   Thumb Code    26  dfltui.o(.text)
    __aeabi_uidiv                            0x08000473   Thumb Code     0  uidiv.o(.text)
    __aeabi_uidivmod                         0x08000473   Thumb Code    44  uidiv.o(.text)
    __aeabi_llsl                             0x0800049f   Thumb Code    30  llshl.o(.text)
    _ll_shift_l                              0x0800049f   Thumb Code     0  llshl.o(.text)
    __aeabi_llsr                             0x080004bd   Thumb Code    32  llushr.o(.text)
    _ll_ushift_r                             0x080004bd   Thumb Code     0  llushr.o(.text)
    __I$use$fp                               0x080004dd   Thumb Code     0  iusefp.o(.text)
    _double_round                            0x080004dd   Thumb Code    30  depilogue.o(.text)
    _double_epilogue                         0x080004fb   Thumb Code   156  depilogue.o(.text)
    __aeabi_dadd                             0x08000597   Thumb Code   322  dadd.o(.text)
    __aeabi_dsub                             0x080006d9   Thumb Code     6  dadd.o(.text)
    __aeabi_drsub                            0x080006df   Thumb Code     6  dadd.o(.text)
    __aeabi_d2ulz                            0x080006e5   Thumb Code    48  dfixul.o(.text)
    __aeabi_cdrcmple                         0x08000715   Thumb Code    48  cdrcmple.o(.text)
    __scatterload                            0x08000745   Thumb Code    28  init.o(.text)
    __scatterload_rt2                        0x08000745   Thumb Code     0  init.o(.text)
    __aeabi_lasr                             0x08000769   Thumb Code    36  llsshr.o(.text)
    _ll_sshift_r                             0x08000769   Thumb Code     0  llsshr.o(.text)
    ADC1_Proc                                0x0800078d   Thumb Code    50  main.o(i.ADC1_Proc)
    ADC_Disable                              0x080007c9   Thumb Code    98  stm32g4xx_hal_adc.o(i.ADC_Disable)
    ADC_Enable                               0x08000831   Thumb Code   100  stm32g4xx_hal_adc.o(i.ADC_Enable)
    BusFault_Handler                         0x08000899   Thumb Code     2  stm32g4xx_it.o(i.BusFault_Handler)
    DebugMon_Handler                         0x0800089b   Thumb Code     2  stm32g4xx_it.o(i.DebugMon_Handler)
    Delay_LCD                                0x0800089d   Thumb Code    28  lcd.o(i.Delay_LCD)
    Error_Handler                            0x080008b9   Thumb Code     2  main.o(i.Error_Handler)
    HAL_ADCEx_Calibration_Start              0x080008bd   Thumb Code   138  stm32g4xx_hal_adc_ex.o(i.HAL_ADCEx_Calibration_Start)
    HAL_ADCEx_MultiModeConfigChannel         0x08000951   Thumb Code   204  stm32g4xx_hal_adc_ex.o(i.HAL_ADCEx_MultiModeConfigChannel)
    HAL_ADC_ConfigChannel                    0x08000a25   Thumb Code  1004  stm32g4xx_hal_adc.o(i.HAL_ADC_ConfigChannel)
    HAL_ADC_GetValue                         0x08000e45   Thumb Code     6  stm32g4xx_hal_adc.o(i.HAL_ADC_GetValue)
    HAL_ADC_Init                             0x08000e4d   Thumb Code   472  stm32g4xx_hal_adc.o(i.HAL_ADC_Init)
    HAL_ADC_MspInit                          0x08001045   Thumb Code    82  adc.o(i.HAL_ADC_MspInit)
    HAL_ADC_PollForConversion                0x080010a1   Thumb Code   236  stm32g4xx_hal_adc.o(i.HAL_ADC_PollForConversion)
    HAL_ADC_Start                            0x08001195   Thumb Code   230  stm32g4xx_hal_adc.o(i.HAL_ADC_Start)
    HAL_DMA_Abort_IT                         0x08001289   Thumb Code   120  stm32g4xx_hal_dma.o(i.HAL_DMA_Abort_IT)
    HAL_Delay                                0x08001301   Thumb Code    32  stm32g4xx_hal.o(i.HAL_Delay)
    HAL_GPIO_Init                            0x08001325   Thumb Code   422  stm32g4xx_hal_gpio.o(i.HAL_GPIO_Init)
    HAL_GPIO_ReadPin                         0x080014ed   Thumb Code    10  stm32g4xx_hal_gpio.o(i.HAL_GPIO_ReadPin)
    HAL_GPIO_WritePin                        0x080014f7   Thumb Code    10  stm32g4xx_hal_gpio.o(i.HAL_GPIO_WritePin)
    HAL_GetTick                              0x08001501   Thumb Code     6  stm32g4xx_hal.o(i.HAL_GetTick)
    HAL_IncTick                              0x0800150d   Thumb Code    12  stm32g4xx_hal.o(i.HAL_IncTick)
    HAL_Init                                 0x0800151d   Thumb Code    30  stm32g4xx_hal.o(i.HAL_Init)
    HAL_InitTick                             0x0800153d   Thumb Code    58  stm32g4xx_hal.o(i.HAL_InitTick)
    HAL_MspInit                              0x08001581   Thumb Code    48  stm32g4xx_hal_msp.o(i.HAL_MspInit)
    HAL_NVIC_EnableIRQ                       0x080015b9   Thumb Code    26  stm32g4xx_hal_cortex.o(i.HAL_NVIC_EnableIRQ)
    HAL_NVIC_SetPriority                     0x080015d5   Thumb Code    60  stm32g4xx_hal_cortex.o(i.HAL_NVIC_SetPriority)
    HAL_NVIC_SetPriorityGrouping             0x08001615   Thumb Code    26  stm32g4xx_hal_cortex.o(i.HAL_NVIC_SetPriorityGrouping)
    HAL_PWREx_ControlVoltageScaling          0x08001639   Thumb Code   174  stm32g4xx_hal_pwr_ex.o(i.HAL_PWREx_ControlVoltageScaling)
    HAL_RCCEx_PeriphCLKConfig                0x080016f5   Thumb Code   638  stm32g4xx_hal_rcc_ex.o(i.HAL_RCCEx_PeriphCLKConfig)
    HAL_RCC_ClockConfig                      0x0800197d   Thumb Code   444  stm32g4xx_hal_rcc.o(i.HAL_RCC_ClockConfig)
    HAL_RCC_GetPCLK1Freq                     0x08001b59   Thumb Code    24  stm32g4xx_hal_rcc.o(i.HAL_RCC_GetPCLK1Freq)
    HAL_RCC_GetPCLK2Freq                     0x08001b7d   Thumb Code    24  stm32g4xx_hal_rcc.o(i.HAL_RCC_GetPCLK2Freq)
    HAL_RCC_GetSysClockFreq                  0x08001ba1   Thumb Code    98  stm32g4xx_hal_rcc.o(i.HAL_RCC_GetSysClockFreq)
    HAL_RCC_OscConfig                        0x08001c11   Thumb Code  1036  stm32g4xx_hal_rcc.o(i.HAL_RCC_OscConfig)
    HAL_SYSTICK_Config                       0x0800201d   Thumb Code    40  stm32g4xx_hal_cortex.o(i.HAL_SYSTICK_Config)
    HAL_TIMEx_Break2Callback                 0x08002045   Thumb Code     2  stm32g4xx_hal_tim_ex.o(i.HAL_TIMEx_Break2Callback)
    HAL_TIMEx_BreakCallback                  0x08002047   Thumb Code     2  stm32g4xx_hal_tim_ex.o(i.HAL_TIMEx_BreakCallback)
    HAL_TIMEx_CommutCallback                 0x08002049   Thumb Code     2  stm32g4xx_hal_tim_ex.o(i.HAL_TIMEx_CommutCallback)
    HAL_TIMEx_ConfigBreakDeadTime            0x0800204d   Thumb Code   164  stm32g4xx_hal_tim_ex.o(i.HAL_TIMEx_ConfigBreakDeadTime)
    HAL_TIMEx_DirectionChangeCallback        0x080020f9   Thumb Code     2  stm32g4xx_hal_tim_ex.o(i.HAL_TIMEx_DirectionChangeCallback)
    HAL_TIMEx_EncoderIndexCallback           0x080020fb   Thumb Code     2  stm32g4xx_hal_tim_ex.o(i.HAL_TIMEx_EncoderIndexCallback)
    HAL_TIMEx_IndexErrorCallback             0x080020fd   Thumb Code     2  stm32g4xx_hal_tim_ex.o(i.HAL_TIMEx_IndexErrorCallback)
    HAL_TIMEx_MasterConfigSynchronization    0x08002101   Thumb Code   132  stm32g4xx_hal_tim_ex.o(i.HAL_TIMEx_MasterConfigSynchronization)
    HAL_TIMEx_PWMN_Start                     0x0800219d   Thumb Code   122  stm32g4xx_hal_tim_ex.o(i.HAL_TIMEx_PWMN_Start)
    HAL_TIMEx_TransitionErrorCallback        0x0800221d   Thumb Code     2  stm32g4xx_hal_tim_ex.o(i.HAL_TIMEx_TransitionErrorCallback)
    HAL_TIM_Base_Init                        0x0800221f   Thumb Code    98  stm32g4xx_hal_tim.o(i.HAL_TIM_Base_Init)
    HAL_TIM_Base_MspInit                     0x08002281   Thumb Code   106  tim.o(i.HAL_TIM_Base_MspInit)
    HAL_TIM_IC_CaptureCallback               0x080022f1   Thumb Code    46  main.o(i.HAL_TIM_IC_CaptureCallback)
    HAL_TIM_IC_ConfigChannel                 0x08002325   Thumb Code   270  stm32g4xx_hal_tim.o(i.HAL_TIM_IC_ConfigChannel)
    HAL_TIM_IC_Init                          0x08002433   Thumb Code    98  stm32g4xx_hal_tim.o(i.HAL_TIM_IC_Init)
    HAL_TIM_IC_MspInit                       0x08002495   Thumb Code     2  stm32g4xx_hal_tim.o(i.HAL_TIM_IC_MspInit)
    HAL_TIM_IC_Start                         0x08002499   Thumb Code   196  stm32g4xx_hal_tim.o(i.HAL_TIM_IC_Start)
    HAL_TIM_IC_Start_IT                      0x08002561   Thumb Code   236  stm32g4xx_hal_tim.o(i.HAL_TIM_IC_Start_IT)
    HAL_TIM_IRQHandler                       0x08002651   Thumb Code   508  stm32g4xx_hal_tim.o(i.HAL_TIM_IRQHandler)
    HAL_TIM_MspPostInit                      0x0800284d   Thumb Code    68  tim.o(i.HAL_TIM_MspPostInit)
    HAL_TIM_OC_DelayElapsedCallback          0x08002899   Thumb Code     2  stm32g4xx_hal_tim.o(i.HAL_TIM_OC_DelayElapsedCallback)
    HAL_TIM_PWM_ConfigChannel                0x0800289b   Thumb Code   286  stm32g4xx_hal_tim.o(i.HAL_TIM_PWM_ConfigChannel)
    HAL_TIM_PWM_Init                         0x080029b9   Thumb Code    98  stm32g4xx_hal_tim.o(i.HAL_TIM_PWM_Init)
    HAL_TIM_PWM_MspInit                      0x08002a1d   Thumb Code    30  tim.o(i.HAL_TIM_PWM_MspInit)
    HAL_TIM_PWM_PulseFinishedCallback        0x08002a45   Thumb Code     2  stm32g4xx_hal_tim.o(i.HAL_TIM_PWM_PulseFinishedCallback)
    HAL_TIM_PeriodElapsedCallback            0x08002a47   Thumb Code     2  stm32g4xx_hal_tim.o(i.HAL_TIM_PeriodElapsedCallback)
    HAL_TIM_ReadCapturedValue                0x08002a49   Thumb Code    42  stm32g4xx_hal_tim.o(i.HAL_TIM_ReadCapturedValue)
    HAL_TIM_SlaveConfigSynchro               0x08002a73   Thumb Code    86  stm32g4xx_hal_tim.o(i.HAL_TIM_SlaveConfigSynchro)
    HAL_TIM_TriggerCallback                  0x08002ac9   Thumb Code     2  stm32g4xx_hal_tim.o(i.HAL_TIM_TriggerCallback)
    HAL_UARTEx_DisableFifoMode               0x08002acb   Thumb Code    62  stm32g4xx_hal_uart_ex.o(i.HAL_UARTEx_DisableFifoMode)
    HAL_UARTEx_RxFifoFullCallback            0x08002b09   Thumb Code     2  stm32g4xx_hal_uart_ex.o(i.HAL_UARTEx_RxFifoFullCallback)
    HAL_UARTEx_SetRxFifoThreshold            0x08002b0b   Thumb Code    76  stm32g4xx_hal_uart_ex.o(i.HAL_UARTEx_SetRxFifoThreshold)
    HAL_UARTEx_SetTxFifoThreshold            0x08002b57   Thumb Code    76  stm32g4xx_hal_uart_ex.o(i.HAL_UARTEx_SetTxFifoThreshold)
    HAL_UARTEx_TxFifoEmptyCallback           0x08002ba3   Thumb Code     2  stm32g4xx_hal_uart_ex.o(i.HAL_UARTEx_TxFifoEmptyCallback)
    HAL_UARTEx_WakeupCallback                0x08002ba5   Thumb Code     2  stm32g4xx_hal_uart_ex.o(i.HAL_UARTEx_WakeupCallback)
    HAL_UART_ErrorCallback                   0x08002ba7   Thumb Code     2  stm32g4xx_hal_uart.o(i.HAL_UART_ErrorCallback)
    HAL_UART_IRQHandler                      0x08002ba9   Thumb Code   404  stm32g4xx_hal_uart.o(i.HAL_UART_IRQHandler)
    HAL_UART_Init                            0x08002d45   Thumb Code   106  stm32g4xx_hal_uart.o(i.HAL_UART_Init)
    HAL_UART_MspInit                         0x08002db1   Thumb Code   106  usart.o(i.HAL_UART_MspInit)
    HAL_UART_Receive_IT                      0x08002e25   Thumb Code   234  stm32g4xx_hal_uart.o(i.HAL_UART_Receive_IT)
    HAL_UART_RxCpltCallback                  0x08002f21   Thumb Code   172  main.o(i.HAL_UART_RxCpltCallback)
    HAL_UART_Transmit_IT                     0x08002fe9   Thumb Code   138  stm32g4xx_hal_uart.o(i.HAL_UART_Transmit_IT)
    HAL_UART_TxCpltCallback                  0x08003085   Thumb Code     2  stm32g4xx_hal_uart.o(i.HAL_UART_TxCpltCallback)
    HardFault_Handler                        0x08003087   Thumb Code     2  stm32g4xx_it.o(i.HardFault_Handler)
    I2CReceiveByte                           0x08003089   Thumb Code    78  i2c.o(i.I2CReceiveByte)
    I2CSendAck                               0x080030d7   Thumb Code    48  i2c.o(i.I2CSendAck)
    I2CSendByte                              0x08003107   Thumb Code    78  i2c.o(i.I2CSendByte)
    I2CSendNotAck                            0x08003155   Thumb Code    48  i2c.o(i.I2CSendNotAck)
    I2CStart                                 0x08003185   Thumb Code    54  i2c.o(i.I2CStart)
    I2CStop                                  0x080031bb   Thumb Code    54  i2c.o(i.I2CStop)
    I2CWaitAck                               0x080031f1   Thumb Code    78  i2c.o(i.I2CWaitAck)
    IsNum                                    0x0800323f   Thumb Code    14  main.o(i.IsNum)
    KEY_Read                                 0x0800324d   Thumb Code   126  gpio.o(i.KEY_Read)
    Key_Proc                                 0x080032d1   Thumb Code   194  main.o(i.Key_Proc)
    LCD_BusIn                                0x08003399   Thumb Code    40  lcd.o(i.LCD_BusIn)
    LCD_BusOut                               0x080033c5   Thumb Code    42  lcd.o(i.LCD_BusOut)
    LCD_Clear                                0x080033f5   Thumb Code    36  lcd.o(i.LCD_Clear)
    LCD_CtrlLinesConfig                      0x08003419   Thumb Code   136  lcd.o(i.LCD_CtrlLinesConfig)
    LCD_DisplayChar                          0x080034a9   Thumb Code    18  lcd.o(i.LCD_DisplayChar)
    LCD_DisplayStringLine                    0x080034c1   Thumb Code    42  lcd.o(i.LCD_DisplayStringLine)
    LCD_DrawChar                             0x080034ed   Thumb Code    84  lcd.o(i.LCD_DrawChar)
    LCD_Init                                 0x08003545   Thumb Code    46  lcd.o(i.LCD_Init)
    LCD_ReadReg                              0x08003579   Thumb Code   120  lcd.o(i.LCD_ReadReg)
    LCD_SetBackColor                         0x080035f9   Thumb Code    12  lcd.o(i.LCD_SetBackColor)
    LCD_SetCursor                            0x08003609   Thumb Code    24  lcd.o(i.LCD_SetCursor)
    LCD_SetTextColor                         0x08003621   Thumb Code    12  lcd.o(i.LCD_SetTextColor)
    LCD_WriteRAM                             0x08003631   Thumb Code    80  lcd.o(i.LCD_WriteRAM)
    LCD_WriteRAM_Prepare                     0x08003689   Thumb Code    82  lcd.o(i.LCD_WriteRAM_Prepare)
    LCD_WriteReg                             0x080036e5   Thumb Code   100  lcd.o(i.LCD_WriteReg)
    LED_Disp                                 0x08003751   Thumb Code    36  gpio.o(i.LED_Disp)
    Lcd_Proc                                 0x080037e1   Thumb Code   374  main.o(i.Lcd_Proc)
    Led_Proc                                 0x08003a29   Thumb Code    60  main.o(i.Led_Proc)
    MCP_Write                                0x08003a69   Thumb Code    36  i2c.o(i.MCP_Write)
    MEM_Read                                 0x08003a8d   Thumb Code    82  i2c.o(i.MEM_Read)
    MEM_Write                                0x08003ae1   Thumb Code    62  i2c.o(i.MEM_Write)
    MX_ADC1_Init                             0x08003b21   Thumb Code   160  adc.o(i.MX_ADC1_Init)
    MX_GPIO_Init                             0x08003bcd   Thumb Code   290  gpio.o(i.MX_GPIO_Init)
    MX_TIM15_Init                            0x08003d01   Thumb Code   160  tim.o(i.MX_TIM15_Init)
    MX_TIM2_Init                             0x08003da9   Thumb Code   170  tim.o(i.MX_TIM2_Init)
    MX_USART1_UART_Init                      0x08003e59   Thumb Code    94  usart.o(i.MX_USART1_UART_Init)
    MemManage_Handler                        0x08003ec1   Thumb Code     2  stm32g4xx_it.o(i.MemManage_Handler)
    NMI_Handler                              0x08003ec3   Thumb Code     2  stm32g4xx_it.o(i.NMI_Handler)
    PendSV_Handler                           0x08003ec5   Thumb Code     2  stm32g4xx_it.o(i.PendSV_Handler)
    REG_8230_Init                            0x08003ec7   Thumb Code   274  lcd.o(i.REG_8230_Init)
    REG_932X_Init                            0x08003fd9   Thumb Code   514  lcd.o(i.REG_932X_Init)
    SCL_Output                               0x080041dd   Thumb Code    20  i2c.o(i.SCL_Output)
    SDA_Input                                0x080041f5   Thumb Code    18  i2c.o(i.SDA_Input)
    SDA_Input_Mode                           0x0800420d   Thumb Code    40  i2c.o(i.SDA_Input_Mode)
    SDA_Output                               0x08004239   Thumb Code    20  i2c.o(i.SDA_Output)
    SDA_Output_Mode                          0x08004251   Thumb Code    40  i2c.o(i.SDA_Output_Mode)
    SVC_Handler                              0x0800427d   Thumb Code     2  stm32g4xx_it.o(i.SVC_Handler)
    SysTick_Handler                          0x08004281   Thumb Code    64  stm32g4xx_it.o(i.SysTick_Handler)
    SystemClock_Config                       0x080042cd   Thumb Code   114  main.o(i.SystemClock_Config)
    SystemInit                               0x08004341   Thumb Code    22  system_stm32g4xx.o(i.SystemInit)
    TIM2_IRQHandler                          0x0800435d   Thumb Code     6  stm32g4xx_it.o(i.TIM2_IRQHandler)
    TIM_Base_SetConfig                       0x08004369   Thumb Code   146  stm32g4xx_hal_tim.o(i.TIM_Base_SetConfig)
    TIM_CCxChannelCmd                        0x08004419   Thumb Code    26  stm32g4xx_hal_tim.o(i.TIM_CCxChannelCmd)
    TIM_ETR_SetConfig                        0x0800444d   Thumb Code    20  stm32g4xx_hal_tim.o(i.TIM_ETR_SetConfig)
    TIM_OC2_SetConfig                        0x080044fd   Thumb Code   120  stm32g4xx_hal_tim.o(i.TIM_OC2_SetConfig)
    TIM_TI1_SetConfig                        0x0800484d   Thumb Code    88  stm32g4xx_hal_tim.o(i.TIM_TI1_SetConfig)
    UART_AdvFeatureConfig                    0x08004979   Thumb Code   200  stm32g4xx_hal_uart.o(i.UART_AdvFeatureConfig)
    UART_CheckIdleState                      0x08004a41   Thumb Code    94  stm32g4xx_hal_uart.o(i.UART_CheckIdleState)
    UART_SetConfig                           0x08004cd9   Thumb Code  1958  stm32g4xx_hal_uart.o(i.UART_SetConfig)
    UART_WaitOnFlagUntilTimeout              0x080055ad   Thumb Code   100  stm32g4xx_hal_uart.o(i.UART_WaitOnFlagUntilTimeout)
    USART1_IRQHandler                        0x08005611   Thumb Code     6  stm32g4xx_it.o(i.USART1_IRQHandler)
    UsageFault_Handler                       0x0800561d   Thumb Code     2  stm32g4xx_it.o(i.UsageFault_Handler)
    Ztj_Proc                                 0x08005621   Thumb Code   100  main.o(i.Ztj_Proc)
    __0sprintf                               0x0800568d   Thumb Code    34  printfa.o(i.__0sprintf)
    __1sprintf                               0x0800568d   Thumb Code     0  printfa.o(i.__0sprintf)
    __2sprintf                               0x0800568d   Thumb Code     0  printfa.o(i.__0sprintf)
    __c89sprintf                             0x0800568d   Thumb Code     0  printfa.o(i.__0sprintf)
    sprintf                                  0x0800568d   Thumb Code     0  printfa.o(i.__0sprintf)
    __scatterload_copy                       0x080056d5   Thumb Code    14  handlers.o(i.__scatterload_copy)
    __scatterload_null                       0x080056e3   Thumb Code     2  handlers.o(i.__scatterload_null)
    __scatterload_zeroinit                   0x080056e5   Thumb Code    14  handlers.o(i.__scatterload_zeroinit)
    main                                     0x08005fbd   Thumb Code   166  main.o(i.main)
    ASCII_Table                              0x08006078   Data        4560  lcd.o(.constdata)
    AHBPrescTable                            0x08007248   Data          16  system_stm32g4xx.o(.constdata)
    APBPrescTable                            0x08007258   Data           8  system_stm32g4xx.o(.constdata)
    Region$$Table$$Base                      0x08007260   Number         0  anon$$obj.o(Region$$Table)
    Region$$Table$$Limit                     0x08007280   Number         0  anon$$obj.o(Region$$Table)
    dummy                                    0x20000004   Data           2  lcd.o(.data)
    ucLed                                    0x20000008   Data           1  main.o(.data)
    ucState                                  0x20000009   Data           1  main.o(.data)
    ucPsdErr3Times                           0x2000000a   Data           1  main.o(.data)
    pucPsd                                   0x2000000e   Data           3  main.o(.data)
    pucPsd_Edit                              0x20000011   Data           3  main.o(.data)
    pucPsd_Temp                              0x20000014   Data           3  main.o(.data)
    uwTickms                                 0x20000018   Data           4  main.o(.data)
    uw100ms                                  0x2000001c   Data           4  main.o(.data)
    Capture                                  0x20000020   Data           4  main.o(.data)
    Duty                                     0x20000024   Data           4  main.o(.data)
    uwLD2_StartTime                          0x20000034   Data           4  main.o(.data)
    pusADC1                                  0x20000038   Data           4  main.o(.data)
    pucCmd                                   0x2000003c   Data           8  main.o(.data)
    uwOnes                                   0x20000044   Data           4  main.o(.data)
    uwTickPrio                               0x20000048   Data           4  stm32g4xx_hal.o(.data)
    uwTickFreq                               0x2000004c   Data           4  stm32g4xx_hal.o(.data)
    uwTick                                   0x20000050   Data           4  stm32g4xx_hal.o(.data)
    SystemCoreClock                          0x20000054   Data           4  system_stm32g4xx.o(.data)
    hadc1                                    0x20000058   Data         108  adc.o(.bss)
    htim2                                    0x200000c4   Data          76  tim.o(.bss)
    htim15                                   0x20000110   Data          76  tim.o(.bss)
    huart1                                   0x2000015c   Data         140  usart.o(.bss)
    __initial_sp                             0x200005e8   Data           0  startup_stm32g431xx.o(STACK)



==============================================================================

Memory Map of the image

  Image Entry point : 0x080001d9

  Load Region LR_IROM1 (Base: 0x08000000, Size: 0x000072d8, Max: 0x00020000, ABSOLUTE)

    Execution Region ER_IROM1 (Exec base: 0x08000000, Load base: 0x08000000, Size: 0x00007280, Max: 0x00020000, ABSOLUTE)

    Exec Addr    Load Addr    Size         Type   Attr      Idx    E Section Name        Object

    0x08000000   0x08000000   0x000001d8   Data   RO            3    RESET               startup_stm32g431xx.o
    0x080001d8   0x080001d8   0x00000000   Code   RO         4438  * .ARM.Collect$$$$00000000  mc_w.l(entry.o)
    0x080001d8   0x080001d8   0x00000004   Code   RO         4712    .ARM.Collect$$$$00000001  mc_w.l(entry2.o)
    0x080001dc   0x080001dc   0x00000004   Code   RO         4715    .ARM.Collect$$$$00000004  mc_w.l(entry5.o)
    0x080001e0   0x080001e0   0x00000000   Code   RO         4717    .ARM.Collect$$$$00000008  mc_w.l(entry7b.o)
    0x080001e0   0x080001e0   0x00000000   Code   RO         4719    .ARM.Collect$$$$0000000A  mc_w.l(entry8b.o)
    0x080001e0   0x080001e0   0x00000008   Code   RO         4720    .ARM.Collect$$$$0000000B  mc_w.l(entry9a.o)
    0x080001e8   0x080001e8   0x00000000   Code   RO         4722    .ARM.Collect$$$$0000000D  mc_w.l(entry10a.o)
    0x080001e8   0x080001e8   0x00000000   Code   RO         4724    .ARM.Collect$$$$0000000F  mc_w.l(entry11a.o)
    0x080001e8   0x080001e8   0x00000004   Code   RO         4713    .ARM.Collect$$$$00002712  mc_w.l(entry2.o)
    0x080001ec   0x080001ec   0x00000024   Code   RO            4    .text               startup_stm32g431xx.o
    0x08000210   0x08000210   0x00000062   Code   RO         4441    .text               mc_w.l(uldiv.o)
    0x08000272   0x08000272   0x00000024   Code   RO         4443    .text               mc_w.l(memseta.o)
    0x08000296   0x08000296   0x000000e4   Code   RO         4706    .text               mf_w.l(dmul.o)
    0x0800037a   0x0800037a   0x000000de   Code   RO         4708    .text               mf_w.l(ddiv.o)
    0x08000458   0x08000458   0x0000001a   Code   RO         4710    .text               mf_w.l(dfltui.o)
    0x08000472   0x08000472   0x0000002c   Code   RO         4729    .text               mc_w.l(uidiv.o)
    0x0800049e   0x0800049e   0x0000001e   Code   RO         4731    .text               mc_w.l(llshl.o)
    0x080004bc   0x080004bc   0x00000020   Code   RO         4733    .text               mc_w.l(llushr.o)
    0x080004dc   0x080004dc   0x00000000   Code   RO         4735    .text               mc_w.l(iusefp.o)
    0x080004dc   0x080004dc   0x000000ba   Code   RO         4736    .text               mf_w.l(depilogue.o)
    0x08000596   0x08000596   0x0000014e   Code   RO         4738    .text               mf_w.l(dadd.o)
    0x080006e4   0x080006e4   0x00000030   Code   RO         4740    .text               mf_w.l(dfixul.o)
    0x08000714   0x08000714   0x00000030   Code   RO         4742    .text               mf_w.l(cdrcmple.o)
    0x08000744   0x08000744   0x00000024   Code   RO         4744    .text               mc_w.l(init.o)
    0x08000768   0x08000768   0x00000024   Code   RO         4747    .text               mc_w.l(llsshr.o)
    0x0800078c   0x0800078c   0x0000003c   Code   RO          459    i.ADC1_Proc         main.o
    0x080007c8   0x080007c8   0x00000068   Code   RO          932    i.ADC_Disable       stm32g4xx_hal_adc.o
    0x08000830   0x08000830   0x00000068   Code   RO          933    i.ADC_Enable        stm32g4xx_hal_adc.o
    0x08000898   0x08000898   0x00000002   Code   RO          747    i.BusFault_Handler  stm32g4xx_it.o
    0x0800089a   0x0800089a   0x00000002   Code   RO          748    i.DebugMon_Handler  stm32g4xx_it.o
    0x0800089c   0x0800089c   0x0000001c   Code   RO           13    i.Delay_LCD         lcd.o
    0x080008b8   0x080008b8   0x00000002   Code   RO          460    i.Error_Handler     main.o
    0x080008ba   0x080008ba   0x00000002   PAD
    0x080008bc   0x080008bc   0x00000094   Code   RO         1166    i.HAL_ADCEx_Calibration_Start  stm32g4xx_hal_adc_ex.o
    0x08000950   0x08000950   0x000000d4   Code   RO         1183    i.HAL_ADCEx_MultiModeConfigChannel  stm32g4xx_hal_adc_ex.o
    0x08000a24   0x08000a24   0x00000420   Code   RO          935    i.HAL_ADC_ConfigChannel  stm32g4xx_hal_adc.o
    0x08000e44   0x08000e44   0x00000006   Code   RO          942    i.HAL_ADC_GetValue  stm32g4xx_hal_adc.o
    0x08000e4a   0x08000e4a   0x00000002   PAD
    0x08000e4c   0x08000e4c   0x000001f8   Code   RO          944    i.HAL_ADC_Init      stm32g4xx_hal_adc.o
    0x08001044   0x08001044   0x0000005c   Code   RO          598    i.HAL_ADC_MspInit   adc.o
    0x080010a0   0x080010a0   0x000000f4   Code   RO          948    i.HAL_ADC_PollForConversion  stm32g4xx_hal_adc.o
    0x08001194   0x08001194   0x000000f4   Code   RO          950    i.HAL_ADC_Start     stm32g4xx_hal_adc.o
    0x08001288   0x08001288   0x00000078   Code   RO         2146    i.HAL_DMA_Abort_IT  stm32g4xx_hal_dma.o
    0x08001300   0x08001300   0x00000024   Code   RO         1382    i.HAL_Delay         stm32g4xx_hal.o
    0x08001324   0x08001324   0x000001c8   Code   RO          865    i.HAL_GPIO_Init     stm32g4xx_hal_gpio.o
    0x080014ec   0x080014ec   0x0000000a   Code   RO          867    i.HAL_GPIO_ReadPin  stm32g4xx_hal_gpio.o
    0x080014f6   0x080014f6   0x0000000a   Code   RO          869    i.HAL_GPIO_WritePin  stm32g4xx_hal_gpio.o
    0x08001500   0x08001500   0x0000000c   Code   RO         1386    i.HAL_GetTick       stm32g4xx_hal.o
    0x0800150c   0x0800150c   0x00000010   Code   RO         1389    i.HAL_IncTick       stm32g4xx_hal.o
    0x0800151c   0x0800151c   0x0000001e   Code   RO         1390    i.HAL_Init          stm32g4xx_hal.o
    0x0800153a   0x0800153a   0x00000002   PAD
    0x0800153c   0x0800153c   0x00000044   Code   RO         1391    i.HAL_InitTick      stm32g4xx_hal.o
    0x08001580   0x08001580   0x00000038   Code   RO          835    i.HAL_MspInit       stm32g4xx_hal_msp.o
    0x080015b8   0x080015b8   0x0000001a   Code   RO         2654    i.HAL_NVIC_EnableIRQ  stm32g4xx_hal_cortex.o
    0x080015d2   0x080015d2   0x00000002   PAD
    0x080015d4   0x080015d4   0x00000040   Code   RO         2660    i.HAL_NVIC_SetPriority  stm32g4xx_hal_cortex.o
    0x08001614   0x08001614   0x00000024   Code   RO         2661    i.HAL_NVIC_SetPriorityGrouping  stm32g4xx_hal_cortex.o
    0x08001638   0x08001638   0x000000bc   Code   RO         2410    i.HAL_PWREx_ControlVoltageScaling  stm32g4xx_hal_pwr_ex.o
    0x080016f4   0x080016f4   0x00000288   Code   RO         1735    i.HAL_RCCEx_PeriphCLKConfig  stm32g4xx_hal_rcc_ex.o
    0x0800197c   0x0800197c   0x000001dc   Code   RO         1610    i.HAL_RCC_ClockConfig  stm32g4xx_hal_rcc.o
    0x08001b58   0x08001b58   0x00000024   Code   RO         1618    i.HAL_RCC_GetPCLK1Freq  stm32g4xx_hal_rcc.o
    0x08001b7c   0x08001b7c   0x00000024   Code   RO         1619    i.HAL_RCC_GetPCLK2Freq  stm32g4xx_hal_rcc.o
    0x08001ba0   0x08001ba0   0x00000070   Code   RO         1620    i.HAL_RCC_GetSysClockFreq  stm32g4xx_hal_rcc.o
    0x08001c10   0x08001c10   0x0000040c   Code   RO         1623    i.HAL_RCC_OscConfig  stm32g4xx_hal_rcc.o
    0x0800201c   0x0800201c   0x00000028   Code   RO         2665    i.HAL_SYSTICK_Config  stm32g4xx_hal_cortex.o
    0x08002044   0x08002044   0x00000002   Code   RO         3500    i.HAL_TIMEx_Break2Callback  stm32g4xx_hal_tim_ex.o
    0x08002046   0x08002046   0x00000002   Code   RO         3501    i.HAL_TIMEx_BreakCallback  stm32g4xx_hal_tim_ex.o
    0x08002048   0x08002048   0x00000002   Code   RO         3502    i.HAL_TIMEx_CommutCallback  stm32g4xx_hal_tim_ex.o
    0x0800204a   0x0800204a   0x00000002   PAD
    0x0800204c   0x0800204c   0x000000ac   Code   RO         3505    i.HAL_TIMEx_ConfigBreakDeadTime  stm32g4xx_hal_tim_ex.o
    0x080020f8   0x080020f8   0x00000002   Code   RO         3513    i.HAL_TIMEx_DirectionChangeCallback  stm32g4xx_hal_tim_ex.o
    0x080020fa   0x080020fa   0x00000002   Code   RO         3527    i.HAL_TIMEx_EncoderIndexCallback  stm32g4xx_hal_tim_ex.o
    0x080020fc   0x080020fc   0x00000002   Code   RO         3541    i.HAL_TIMEx_IndexErrorCallback  stm32g4xx_hal_tim_ex.o
    0x080020fe   0x080020fe   0x00000002   PAD
    0x08002100   0x08002100   0x0000009c   Code   RO         3542    i.HAL_TIMEx_MasterConfigSynchronization  stm32g4xx_hal_tim_ex.o
    0x0800219c   0x0800219c   0x00000080   Code   RO         3554    i.HAL_TIMEx_PWMN_Start  stm32g4xx_hal_tim_ex.o
    0x0800221c   0x0800221c   0x00000002   Code   RO         3563    i.HAL_TIMEx_TransitionErrorCallback  stm32g4xx_hal_tim_ex.o
    0x0800221e   0x0800221e   0x00000062   Code   RO         2786    i.HAL_TIM_Base_Init  stm32g4xx_hal_tim.o
    0x08002280   0x08002280   0x00000070   Code   RO          640    i.HAL_TIM_Base_MspInit  tim.o
    0x080022f0   0x080022f0   0x00000034   Code   RO          461    i.HAL_TIM_IC_CaptureCallback  main.o
    0x08002324   0x08002324   0x0000010e   Code   RO         2822    i.HAL_TIM_IC_ConfigChannel  stm32g4xx_hal_tim.o
    0x08002432   0x08002432   0x00000062   Code   RO         2825    i.HAL_TIM_IC_Init   stm32g4xx_hal_tim.o
    0x08002494   0x08002494   0x00000002   Code   RO         2827    i.HAL_TIM_IC_MspInit  stm32g4xx_hal_tim.o
    0x08002496   0x08002496   0x00000002   PAD
    0x08002498   0x08002498   0x000000c8   Code   RO         2828    i.HAL_TIM_IC_Start  stm32g4xx_hal_tim.o
    0x08002560   0x08002560   0x000000f0   Code   RO         2830    i.HAL_TIM_IC_Start_IT  stm32g4xx_hal_tim.o
    0x08002650   0x08002650   0x000001fc   Code   RO         2834    i.HAL_TIM_IRQHandler  stm32g4xx_hal_tim.o
    0x0800284c   0x0800284c   0x0000004c   Code   RO          641    i.HAL_TIM_MspPostInit  tim.o
    0x08002898   0x08002898   0x00000002   Code   RO         2837    i.HAL_TIM_OC_DelayElapsedCallback  stm32g4xx_hal_tim.o
    0x0800289a   0x0800289a   0x0000011e   Code   RO         2858    i.HAL_TIM_PWM_ConfigChannel  stm32g4xx_hal_tim.o
    0x080029b8   0x080029b8   0x00000062   Code   RO         2861    i.HAL_TIM_PWM_Init  stm32g4xx_hal_tim.o
    0x08002a1a   0x08002a1a   0x00000002   PAD
    0x08002a1c   0x08002a1c   0x00000028   Code   RO          643    i.HAL_TIM_PWM_MspInit  tim.o
    0x08002a44   0x08002a44   0x00000002   Code   RO         2864    i.HAL_TIM_PWM_PulseFinishedCallback  stm32g4xx_hal_tim.o
    0x08002a46   0x08002a46   0x00000002   Code   RO         2872    i.HAL_TIM_PeriodElapsedCallback  stm32g4xx_hal_tim.o
    0x08002a48   0x08002a48   0x0000002a   Code   RO         2874    i.HAL_TIM_ReadCapturedValue  stm32g4xx_hal_tim.o
    0x08002a72   0x08002a72   0x00000056   Code   RO         2875    i.HAL_TIM_SlaveConfigSynchro  stm32g4xx_hal_tim.o
    0x08002ac8   0x08002ac8   0x00000002   Code   RO         2877    i.HAL_TIM_TriggerCallback  stm32g4xx_hal_tim.o
    0x08002aca   0x08002aca   0x0000003e   Code   RO         4310    i.HAL_UARTEx_DisableFifoMode  stm32g4xx_hal_uart_ex.o
    0x08002b08   0x08002b08   0x00000002   Code   RO         4314    i.HAL_UARTEx_RxFifoFullCallback  stm32g4xx_hal_uart_ex.o
    0x08002b0a   0x08002b0a   0x0000004c   Code   RO         4315    i.HAL_UARTEx_SetRxFifoThreshold  stm32g4xx_hal_uart_ex.o
    0x08002b56   0x08002b56   0x0000004c   Code   RO         4316    i.HAL_UARTEx_SetTxFifoThreshold  stm32g4xx_hal_uart_ex.o
    0x08002ba2   0x08002ba2   0x00000002   Code   RO         4318    i.HAL_UARTEx_TxFifoEmptyCallback  stm32g4xx_hal_uart_ex.o
    0x08002ba4   0x08002ba4   0x00000002   Code   RO         4319    i.HAL_UARTEx_WakeupCallback  stm32g4xx_hal_uart_ex.o
    0x08002ba6   0x08002ba6   0x00000002   Code   RO         3954    i.HAL_UART_ErrorCallback  stm32g4xx_hal_uart.o
    0x08002ba8   0x08002ba8   0x0000019c   Code   RO         3957    i.HAL_UART_IRQHandler  stm32g4xx_hal_uart.o
    0x08002d44   0x08002d44   0x0000006a   Code   RO         3958    i.HAL_UART_Init     stm32g4xx_hal_uart.o
    0x08002dae   0x08002dae   0x00000002   PAD
    0x08002db0   0x08002db0   0x00000074   Code   RO          706    i.HAL_UART_MspInit  usart.o
    0x08002e24   0x08002e24   0x000000fc   Code   RO         3963    i.HAL_UART_Receive_IT  stm32g4xx_hal_uart.o
    0x08002f20   0x08002f20   0x000000c8   Code   RO          462    i.HAL_UART_RxCpltCallback  main.o
    0x08002fe8   0x08002fe8   0x0000009c   Code   RO         3968    i.HAL_UART_Transmit_IT  stm32g4xx_hal_uart.o
    0x08003084   0x08003084   0x00000002   Code   RO         3969    i.HAL_UART_TxCpltCallback  stm32g4xx_hal_uart.o
    0x08003086   0x08003086   0x00000002   Code   RO          749    i.HardFault_Handler  stm32g4xx_it.o
    0x08003088   0x08003088   0x0000004e   Code   RO          336    i.I2CReceiveByte    i2c.o
    0x080030d6   0x080030d6   0x00000030   Code   RO          337    i.I2CSendAck        i2c.o
    0x08003106   0x08003106   0x0000004e   Code   RO          338    i.I2CSendByte       i2c.o
    0x08003154   0x08003154   0x00000030   Code   RO          339    i.I2CSendNotAck     i2c.o
    0x08003184   0x08003184   0x00000036   Code   RO          340    i.I2CStart          i2c.o
    0x080031ba   0x080031ba   0x00000036   Code   RO          341    i.I2CStop           i2c.o
    0x080031f0   0x080031f0   0x0000004e   Code   RO          342    i.I2CWaitAck        i2c.o
    0x0800323e   0x0800323e   0x0000000e   Code   RO          463    i.IsNum             main.o
    0x0800324c   0x0800324c   0x00000084   Code   RO          561    i.KEY_Read          gpio.o
    0x080032d0   0x080032d0   0x000000c8   Code   RO          464    i.Key_Proc          main.o
    0x08003398   0x08003398   0x0000002c   Code   RO           14    i.LCD_BusIn         lcd.o
    0x080033c4   0x080033c4   0x00000030   Code   RO           15    i.LCD_BusOut        lcd.o
    0x080033f4   0x080033f4   0x00000024   Code   RO           16    i.LCD_Clear         lcd.o
    0x08003418   0x08003418   0x00000090   Code   RO           18    i.LCD_CtrlLinesConfig  lcd.o
    0x080034a8   0x080034a8   0x00000018   Code   RO           19    i.LCD_DisplayChar   lcd.o
    0x080034c0   0x080034c0   0x0000002a   Code   RO           22    i.LCD_DisplayStringLine  lcd.o
    0x080034ea   0x080034ea   0x00000002   PAD
    0x080034ec   0x080034ec   0x00000058   Code   RO           23    i.LCD_DrawChar      lcd.o
    0x08003544   0x08003544   0x00000034   Code   RO           29    i.LCD_Init          lcd.o
    0x08003578   0x08003578   0x00000080   Code   RO           32    i.LCD_ReadReg       lcd.o
    0x080035f8   0x080035f8   0x00000010   Code   RO           33    i.LCD_SetBackColor  lcd.o
    0x08003608   0x08003608   0x00000018   Code   RO           34    i.LCD_SetCursor     lcd.o
    0x08003620   0x08003620   0x00000010   Code   RO           36    i.LCD_SetTextColor  lcd.o
    0x08003630   0x08003630   0x00000058   Code   RO           39    i.LCD_WriteRAM      lcd.o
    0x08003688   0x08003688   0x0000005c   Code   RO           40    i.LCD_WriteRAM_Prepare  lcd.o
    0x080036e4   0x080036e4   0x0000006c   Code   RO           41    i.LCD_WriteReg      lcd.o
    0x08003750   0x08003750   0x0000002c   Code   RO          562    i.LED_Disp          gpio.o
    0x0800377c   0x0800377c   0x0000000c   Code   RO          958    i.LL_ADC_GetOffsetChannel  stm32g4xx_hal_adc.o
    0x08003788   0x08003788   0x00000008   Code   RO          959    i.LL_ADC_INJ_IsConversionOngoing  stm32g4xx_hal_adc.o
    0x08003790   0x08003790   0x00000008   Code   RO          960    i.LL_ADC_REG_IsConversionOngoing  stm32g4xx_hal_adc.o
    0x08003798   0x08003798   0x00000008   Code   RO         1193    i.LL_ADC_REG_IsConversionOngoing  stm32g4xx_hal_adc_ex.o
    0x080037a0   0x080037a0   0x00000010   Code   RO          961    i.LL_ADC_REG_IsTriggerSourceSWStart  stm32g4xx_hal_adc.o
    0x080037b0   0x080037b0   0x0000001e   Code   RO          963    i.LL_ADC_SetChannelSamplingTime  stm32g4xx_hal_adc.o
    0x080037ce   0x080037ce   0x00000010   Code   RO          964    i.LL_ADC_SetOffsetState  stm32g4xx_hal_adc.o
    0x080037de   0x080037de   0x00000002   PAD
    0x080037e0   0x080037e0   0x00000248   Code   RO          465    i.Lcd_Proc          main.o
    0x08003a28   0x08003a28   0x00000040   Code   RO          466    i.Led_Proc          main.o
    0x08003a68   0x08003a68   0x00000024   Code   RO          344    i.MCP_Write         i2c.o
    0x08003a8c   0x08003a8c   0x00000052   Code   RO          345    i.MEM_Read          i2c.o
    0x08003ade   0x08003ade   0x00000002   PAD
    0x08003ae0   0x08003ae0   0x0000003e   Code   RO          346    i.MEM_Write         i2c.o
    0x08003b1e   0x08003b1e   0x00000002   PAD
    0x08003b20   0x08003b20   0x000000ac   Code   RO          599    i.MX_ADC1_Init      adc.o
    0x08003bcc   0x08003bcc   0x00000134   Code   RO          563    i.MX_GPIO_Init      gpio.o
    0x08003d00   0x08003d00   0x000000a8   Code   RO          644    i.MX_TIM15_Init     tim.o
    0x08003da8   0x08003da8   0x000000b0   Code   RO          645    i.MX_TIM2_Init      tim.o
    0x08003e58   0x08003e58   0x00000068   Code   RO          707    i.MX_USART1_UART_Init  usart.o
    0x08003ec0   0x08003ec0   0x00000002   Code   RO          750    i.MemManage_Handler  stm32g4xx_it.o
    0x08003ec2   0x08003ec2   0x00000002   Code   RO          751    i.NMI_Handler       stm32g4xx_it.o
    0x08003ec4   0x08003ec4   0x00000002   Code   RO          752    i.PendSV_Handler    stm32g4xx_it.o
    0x08003ec6   0x08003ec6   0x00000112   Code   RO           42    i.REG_8230_Init     lcd.o
    0x08003fd8   0x08003fd8   0x00000202   Code   RO           43    i.REG_932X_Init     lcd.o
    0x080041da   0x080041da   0x00000002   PAD
    0x080041dc   0x080041dc   0x00000018   Code   RO          347    i.SCL_Output        i2c.o
    0x080041f4   0x080041f4   0x00000018   Code   RO          348    i.SDA_Input         i2c.o
    0x0800420c   0x0800420c   0x0000002c   Code   RO          349    i.SDA_Input_Mode    i2c.o
    0x08004238   0x08004238   0x00000018   Code   RO          350    i.SDA_Output        i2c.o
    0x08004250   0x08004250   0x0000002c   Code   RO          351    i.SDA_Output_Mode   i2c.o
    0x0800427c   0x0800427c   0x00000002   Code   RO          753    i.SVC_Handler       stm32g4xx_it.o
    0x0800427e   0x0800427e   0x00000002   PAD
    0x08004280   0x08004280   0x0000004c   Code   RO          754    i.SysTick_Handler   stm32g4xx_it.o
    0x080042cc   0x080042cc   0x00000072   Code   RO          467    i.SystemClock_Config  main.o
    0x0800433e   0x0800433e   0x00000002   PAD
    0x08004340   0x08004340   0x0000001c   Code   RO         4404    i.SystemInit        system_stm32g4xx.o
    0x0800435c   0x0800435c   0x0000000c   Code   RO          755    i.TIM2_IRQHandler   stm32g4xx_it.o
    0x08004368   0x08004368   0x000000b0   Code   RO         2879    i.TIM_Base_SetConfig  stm32g4xx_hal_tim.o
    0x08004418   0x08004418   0x0000001a   Code   RO         2880    i.TIM_CCxChannelCmd  stm32g4xx_hal_tim.o
    0x08004432   0x08004432   0x0000001a   Code   RO         3566    i.TIM_CCxNChannelCmd  stm32g4xx_hal_tim_ex.o
    0x0800444c   0x0800444c   0x00000014   Code   RO         2890    i.TIM_ETR_SetConfig  stm32g4xx_hal_tim.o
    0x08004460   0x08004460   0x0000009c   Code   RO         2892    i.TIM_OC1_SetConfig  stm32g4xx_hal_tim.o
    0x080044fc   0x080044fc   0x00000090   Code   RO         2893    i.TIM_OC2_SetConfig  stm32g4xx_hal_tim.o
    0x0800458c   0x0800458c   0x00000090   Code   RO         2894    i.TIM_OC3_SetConfig  stm32g4xx_hal_tim.o
    0x0800461c   0x0800461c   0x00000090   Code   RO         2895    i.TIM_OC4_SetConfig  stm32g4xx_hal_tim.o
    0x080046ac   0x080046ac   0x00000070   Code   RO         2896    i.TIM_OC5_SetConfig  stm32g4xx_hal_tim.o
    0x0800471c   0x0800471c   0x00000070   Code   RO         2897    i.TIM_OC6_SetConfig  stm32g4xx_hal_tim.o
    0x0800478c   0x0800478c   0x0000009c   Code   RO         2898    i.TIM_SlaveTimer_SetConfig  stm32g4xx_hal_tim.o
    0x08004828   0x08004828   0x00000022   Code   RO         2899    i.TIM_TI1_ConfigInputStage  stm32g4xx_hal_tim.o
    0x0800484a   0x0800484a   0x00000002   PAD
    0x0800484c   0x0800484c   0x0000006c   Code   RO         2900    i.TIM_TI1_SetConfig  stm32g4xx_hal_tim.o
    0x080048b8   0x080048b8   0x00000024   Code   RO         2901    i.TIM_TI2_ConfigInputStage  stm32g4xx_hal_tim.o
    0x080048dc   0x080048dc   0x00000036   Code   RO         2902    i.TIM_TI2_SetConfig  stm32g4xx_hal_tim.o
    0x08004912   0x08004912   0x00000002   PAD
    0x08004914   0x08004914   0x00000064   Code   RO         4320    i.UARTEx_SetNbDataToProcess  stm32g4xx_hal_uart_ex.o
    0x08004978   0x08004978   0x000000c8   Code   RO         3971    i.UART_AdvFeatureConfig  stm32g4xx_hal_uart.o
    0x08004a40   0x08004a40   0x0000005e   Code   RO         3972    i.UART_CheckIdleState  stm32g4xx_hal_uart.o
    0x08004a9e   0x08004a9e   0x00000014   Code   RO         3973    i.UART_DMAAbortOnError  stm32g4xx_hal_uart.o
    0x08004ab2   0x08004ab2   0x00000002   PAD
    0x08004ab4   0x08004ab4   0x00000024   Code   RO         3983    i.UART_EndRxTransfer  stm32g4xx_hal_uart.o
    0x08004ad8   0x08004ad8   0x0000005e   Code   RO         3985    i.UART_RxISR_16BIT  stm32g4xx_hal_uart.o
    0x08004b36   0x08004b36   0x00000002   PAD
    0x08004b38   0x08004b38   0x000000a0   Code   RO         3986    i.UART_RxISR_16BIT_FIFOEN  stm32g4xx_hal_uart.o
    0x08004bd8   0x08004bd8   0x0000005e   Code   RO         3987    i.UART_RxISR_8BIT   stm32g4xx_hal_uart.o
    0x08004c36   0x08004c36   0x00000002   PAD
    0x08004c38   0x08004c38   0x000000a0   Code   RO         3988    i.UART_RxISR_8BIT_FIFOEN  stm32g4xx_hal_uart.o
    0x08004cd8   0x08004cd8   0x000007a6   Code   RO         3989    i.UART_SetConfig    stm32g4xx_hal_uart.o
    0x0800547e   0x0800547e   0x00000042   Code   RO         3990    i.UART_TxISR_16BIT  stm32g4xx_hal_uart.o
    0x080054c0   0x080054c0   0x00000058   Code   RO         3991    i.UART_TxISR_16BIT_FIFOEN  stm32g4xx_hal_uart.o
    0x08005518   0x08005518   0x0000003e   Code   RO         3992    i.UART_TxISR_8BIT   stm32g4xx_hal_uart.o
    0x08005556   0x08005556   0x00000002   PAD
    0x08005558   0x08005558   0x00000054   Code   RO         3993    i.UART_TxISR_8BIT_FIFOEN  stm32g4xx_hal_uart.o
    0x080055ac   0x080055ac   0x00000064   Code   RO         3994    i.UART_WaitOnFlagUntilTimeout  stm32g4xx_hal_uart.o
    0x08005610   0x08005610   0x0000000c   Code   RO          756    i.USART1_IRQHandler  stm32g4xx_it.o
    0x0800561c   0x0800561c   0x00000002   Code   RO          757    i.UsageFault_Handler  stm32g4xx_it.o
    0x0800561e   0x0800561e   0x00000002   PAD
    0x08005620   0x08005620   0x0000006c   Code   RO          468    i.Ztj_Proc          main.o
    0x0800568c   0x0800568c   0x00000028   Code   RO         4680    i.__0sprintf        mc_w.l(printfa.o)
    0x080056b4   0x080056b4   0x00000020   Code   RO         2667    i.__NVIC_SetPriority  stm32g4xx_hal_cortex.o
    0x080056d4   0x080056d4   0x0000000e   Code   RO         4752    i.__scatterload_copy  mc_w.l(handlers.o)
    0x080056e2   0x080056e2   0x00000002   Code   RO         4753    i.__scatterload_null  mc_w.l(handlers.o)
    0x080056e4   0x080056e4   0x0000000e   Code   RO         4754    i.__scatterload_zeroinit  mc_w.l(handlers.o)
    0x080056f2   0x080056f2   0x00000002   PAD
    0x080056f4   0x080056f4   0x00000184   Code   RO         4685    i._fp_digits        mc_w.l(printfa.o)
    0x08005878   0x08005878   0x000006dc   Code   RO         4686    i._printf_core      mc_w.l(printfa.o)
    0x08005f54   0x08005f54   0x00000024   Code   RO         4687    i._printf_post_padding  mc_w.l(printfa.o)
    0x08005f78   0x08005f78   0x0000002e   Code   RO         4688    i._printf_pre_padding  mc_w.l(printfa.o)
    0x08005fa6   0x08005fa6   0x0000000a   Code   RO         4690    i._sputc            mc_w.l(printfa.o)
    0x08005fb0   0x08005fb0   0x0000000c   Code   RO          352    i.delay1            i2c.o
    0x08005fbc   0x08005fbc   0x000000bc   Code   RO          469    i.main              main.o
    0x08006078   0x08006078   0x000011d0   Data   RO           44    .constdata          lcd.o
    0x08007248   0x08007248   0x00000010   Data   RO         4405    .constdata          system_stm32g4xx.o
    0x08007258   0x08007258   0x00000008   Data   RO         4406    .constdata          system_stm32g4xx.o
    0x08007260   0x08007260   0x00000020   Data   RO         4750    Region$$Table       anon$$obj.o


    Execution Region RW_IRAM1 (Exec base: 0x20000000, Load base: 0x08007280, Size: 0x000005e8, Max: 0x00008000, ABSOLUTE)

    Exec Addr    Load Addr    Size         Type   Attr      Idx    E Section Name        Object

    0x20000000   0x08007280   0x00000006   Data   RW           45    .data               lcd.o
    0x20000006   0x08007286   0x00000002   PAD
    0x20000008   0x08007288   0x0000003c   Data   RW          470    .data               main.o
    0x20000044   0x080072c4   0x00000004   Data   RW          471    .data               main.o
    0x20000048   0x080072c8   0x0000000c   Data   RW         1410    .data               stm32g4xx_hal.o
    0x20000054   0x080072d4   0x00000004   Data   RW         4407    .data               system_stm32g4xx.o
    0x20000058        -       0x0000006c   Zero   RW          600    .bss                adc.o
    0x200000c4        -       0x00000098   Zero   RW          646    .bss                tim.o
    0x2000015c        -       0x0000008c   Zero   RW          708    .bss                usart.o
    0x200001e8        -       0x00000400   Zero   RW            1    STACK               startup_stm32g431xx.o


==============================================================================

Image component sizes


      Code (inc. data)   RO Data    RW Data    ZI Data      Debug   Object Name

       264         22          0          0        108       1737   adc.o
       484         32          0          0          0       2113   gpio.o
       790         22          0          0          0       8950   i2c.o
      1766         76       4560          6          0     688614   lcd.o
      1586        294          0         64          0       7439   main.o
        36          8        472          0       1024        832   startup_stm32g431xx.o
       162         24          0         12          0       4285   stm32g4xx_hal.o
      2352        116          0          0          0      78681   stm32g4xx_hal_adc.o
       368         18          0          0          0      68765   stm32g4xx_hal_adc_ex.o
       198         14          0          0          0      33911   stm32g4xx_hal_cortex.o
       120          0          0          0          0       1191   stm32g4xx_hal_dma.o
       476         34          0          0          0       3087   stm32g4xx_hal_gpio.o
        56          8          0          0          0       8662   stm32g4xx_hal_msp.o
       188         14          0          0          0        834   stm32g4xx_hal_pwr_ex.o
      1696         92          0          0          0       5944   stm32g4xx_hal_rcc.o
       648         10          0          0          0       1868   stm32g4xx_hal_rcc_ex.o
      3358        222          0          0          0      23343   stm32g4xx_hal_tim.o
       496         38          0          0          0       7719   stm32g4xx_hal_tim_ex.o
      4146        124          0          0          0      17351   stm32g4xx_hal_uart.o
       320         18          0          0          0       5310   stm32g4xx_hal_uart_ex.o
       116         24          0          0          0       5004   stm32g4xx_it.o
        28          6         24          4          0       1119   system_stm32g4xx.o
       572         38          0          0        152       3713   tim.o
       220         20          0          0        140       1702   usart.o

    ----------------------------------------------------------------------
     20492       1274       5088         88       1424     982174   Object Totals
         0          0         32          0          0          0   (incl. Generated)
        46          0          0          2          0          0   (incl. Padding)

    ----------------------------------------------------------------------

      Code (inc. data)   RO Data    RW Data    ZI Data      Debug   Library Member Name

         0          0          0          0          0          0   entry.o
         0          0          0          0          0          0   entry10a.o
         0          0          0          0          0          0   entry11a.o
         8          4          0          0          0          0   entry2.o
         4          0          0          0          0          0   entry5.o
         0          0          0          0          0          0   entry7b.o
         0          0          0          0          0          0   entry8b.o
         8          4          0          0          0          0   entry9a.o
        30          0          0          0          0          0   handlers.o
        36          8          0          0          0         68   init.o
         0          0          0          0          0          0   iusefp.o
        30          0          0          0          0         68   llshl.o
        36          0          0          0          0         68   llsshr.o
        32          0          0          0          0         68   llushr.o
        36          0          0          0          0        108   memseta.o
      2276         86          0          0          0        520   printfa.o
        44          0          0          0          0         80   uidiv.o
        98          0          0          0          0         92   uldiv.o
        48          0          0          0          0         68   cdrcmple.o
       334          0          0          0          0        148   dadd.o
       222          0          0          0          0        100   ddiv.o
       186          0          0          0          0        176   depilogue.o
        48          0          0          0          0         68   dfixul.o
        26          0          0          0          0         76   dfltui.o
       228          0          0          0          0         96   dmul.o

    ----------------------------------------------------------------------
      3732        102          0          0          0       1804   Library Totals
         2          0          0          0          0          0   (incl. Padding)

    ----------------------------------------------------------------------

      Code (inc. data)   RO Data    RW Data    ZI Data      Debug   Library Name

      2638        102          0          0          0       1072   mc_w.l
      1092          0          0          0          0        732   mf_w.l

    ----------------------------------------------------------------------
      3732        102          0          0          0       1804   Library Totals

    ----------------------------------------------------------------------

==============================================================================


      Code (inc. data)   RO Data    RW Data    ZI Data      Debug   

     24224       1376       5088         88       1424     966646   Grand Totals
     24224       1376       5088         88       1424     966646   ELF Image Totals
     24224       1376       5088         88          0          0   ROM Totals

==============================================================================

    Total RO  Size (Code + RO Data)                29312 (  28.63kB)
    Total RW  Size (RW Data + ZI Data)              1512 (   1.48kB)
    Total ROM Size (Code + RO Data + RW Data)      29400 (  28.71kB)

==============================================================================

